"Compiling axivdma"
"Compiling devcfg"
"Compiling dmaps"
"Compiling emacps"
"Compiling gpiops"
"Compiling qspips"
"Compiling scugic"
"Compiling scutimer"
"Compiling scuwdt"
"Compiling ttcps"
"Compiling uartps"
"Compiling usbps"
"Compiling xadcps"
"Compiling cpu_cortexa9"
Running execs_generate.
'Finished building libraries'
21:55:42 **** Build of configuration Release for project zynq_fsbl ****
make all 
'Building file: ../src/ddr_init.c'
'Invoking: ARM gcc compiler'
arm-xilinx-eabi-gcc -Wall -O2 -c -fmessage-length=0 -I../../zynq_fsbl_bsp/ps7_cortexa9_0/include -MMD -MP -MF"src/ddr_init.d" -MT"src/ddr_init.d" -o "src/ddr_init.o" "../src/ddr_init.c"
'Finished building: ../src/ddr_init.c'
' '
'Building file: ../src/ff.c'
'Invoking: ARM gcc compiler'
arm-xilinx-eabi-gcc -Wall -O2 -c -fmessage-length=0 -I../../zynq_fsbl_bsp/ps7_cortexa9_0/include -MMD -MP -MF"src/ff.d" -MT"src/ff.d" -o "src/ff.o" "../src/ff.c"
'Finished building: ../src/ff.c'
' '
'Building file: ../src/fsbl_handoff.S'
'Invoking: ARM gcc compiler'
arm-xilinx-eabi-gcc -Wall -O2 -c -fmessage-length=0 -I../../zynq_fsbl_bsp/ps7_cortexa9_0/include -MMD -MP -MF"src/fsbl_handoff.d" -MT"src/fsbl_handoff.d" -o "src/fsbl_handoff.o" "../src/fsbl_handoff.S"
'Finished building: ../src/fsbl_handoff.S'
' '
'Building file: ../src/fsbl_hooks.c'
'Invoking: ARM gcc compiler'
arm-xilinx-eabi-gcc -Wall -O2 -c -fmessage-length=0 -I../../zynq_fsbl_bsp/ps7_cortexa9_0/include -MMD -MP -MF"src/fsbl_hooks.d" -MT"src/fsbl_hooks.d" -o "src/fsbl_hooks.o" "../src/fsbl_hooks.c"
'Finished building: ../src/fsbl_hooks.c'
' '
'Building file: ../src/image_mover.c'
'Invoking: ARM gcc compiler'
arm-xilinx-eabi-gcc -Wall -O2 -c -fmessage-length=0 -I../../zynq_fsbl_bsp/ps7_cortexa9_0/include -MMD -MP -MF"src/image_mover.d" -MT"src/image_mover.d" -o "src/image_mover.o" "../src/image_mover.c"
'Finished building: ../src/image_mover.c'
' '
'Building file: ../src/main.c'
'Invoking: ARM gcc compiler'
arm-xilinx-eabi-gcc -Wall -O2 -c -fmessage-length=0 -I../../zynq_fsbl_bsp/ps7_cortexa9_0/include -MMD -MP -MF"src/main.d" -MT"src/main.d" -o "src/main.o" "../src/main.c"
'Finished building: ../src/main.c'
' '
'Building file: ../src/md5.c'
'Invoking: ARM gcc compiler'
arm-xilinx-eabi-gcc -Wall -O2 -c -fmessage-length=0 -I../../zynq_fsbl_bsp/ps7_cortexa9_0/include -MMD -MP -MF"src/md5.d" -MT"src/md5.d" -o "src/md5.o" "../src/md5.c"
../src/md5.c: In function 'MD5Final':
../src/md5.c:445:2: warning: dereferencing type-punned pointer will break strict-aliasing rules [-Wstrict-aliasing]
../src/md5.c:446:2: warning: dereferencing type-punned pointer will break strict-aliasing rules [-Wstrict-aliasing]
'Finished building: ../src/md5.c'
' '
'Building file: ../src/mmc.c'
'Invoking: ARM gcc compiler'
arm-xilinx-eabi-gcc -Wall -O2 -c -fmessage-length=0 -I../../zynq_fsbl_bsp/ps7_cortexa9_0/include -MMD -MP -MF"src/mmc.d" -MT"src/mmc.d" -o "src/mmc.o" "../src/mmc.c"
'Finished building: ../src/mmc.c'
' '
'Building file: ../src/nand.c'
'Invoking: ARM gcc compiler'
arm-xilinx-eabi-gcc -Wall -O2 -c -fmessage-length=0 -I../../zynq_fsbl_bsp/ps7_cortexa9_0/include -MMD -MP -MF"src/nand.d" -MT"src/nand.d" -o "src/nand.o" "../src/nand.c"
'Finished building: ../src/nand.c'
' '
'Building file: ../src/nor.c'
'Invoking: ARM gcc compiler'
arm-xilinx-eabi-gcc -Wall -O2 -c -fmessage-length=0 -I../../zynq_fsbl_bsp/ps7_cortexa9_0/include -MMD -MP -MF"src/nor.d" -MT"src/nor.d" -o "src/nor.o" "../src/nor.c"
'Finished building: ../src/nor.c'
' '
'Building file: ../src/pcap.c'
'Invoking: ARM gcc compiler'
arm-xilinx-eabi-gcc -Wall -O2 -c -fmessage-length=0 -I../../zynq_fsbl_bsp/ps7_cortexa9_0/include -MMD -MP -MF"src/pcap.d" -MT"src/pcap.d" -o "src/pcap.o" "../src/pcap.c"
'Finished building: ../src/pcap.c'
' '
'Building file: ../src/ps7_init.c'
'Invoking: ARM gcc compiler'
arm-xilinx-eabi-gcc -Wall -O2 -c -fmessage-length=0 -I../../zynq_fsbl_bsp/ps7_cortexa9_0/include -MMD -MP -MF"src/ps7_init.d" -MT"src/ps7_init.d" -o "src/ps7_init.o" "../src/ps7_init.c"
'Finished building: ../src/ps7_init.c'
' '
'Building file: ../src/qspi.c'
'Invoking: ARM gcc compiler'
arm-xilinx-eabi-gcc -Wall -O2 -c -fmessage-length=0 -I../../zynq_fsbl_bsp/ps7_cortexa9_0/include -MMD -MP -MF"src/qspi.d" -MT"src/qspi.d" -o "src/qspi.o" "../src/qspi.c"
'Finished building: ../src/qspi.c'
' '
'Building file: ../src/rsa.c'
'Invoking: ARM gcc compiler'
arm-xilinx-eabi-gcc -Wall -O2 -c -fmessage-length=0 -I../../zynq_fsbl_bsp/ps7_cortexa9_0/include -MMD -MP -MF"src/rsa.d" -MT"src/rsa.d" -o "src/rsa.o" "../src/rsa.c"
'Finished building: ../src/rsa.c'
' '
'Building file: ../src/sd.c'
'Invoking: ARM gcc compiler'
arm-xilinx-eabi-gcc -Wall -O2 -c -fmessage-length=0 -I../../zynq_fsbl_bsp/ps7_cortexa9_0/include -MMD -MP -MF"src/sd.d" -MT"src/sd.d" -o "src/sd.o" "../src/sd.c"
'Finished building: ../src/sd.c'
' '
'Building target: zynq_fsbl.elf'
'Invoking: ARM gcc linker'
arm-xilinx-eabi-gcc -L"H:\Xilinx_Xps\openhw_pro\xps_proj\SDK\SDK_Export\zynq_fsbl\src" -Wl,-T -Wl,../src/lscript.ld -L../../zynq_fsbl_bsp/ps7_cortexa9_0/lib -o "zynq_fsbl.elf"  ./src/ddr_init.o ./src/ff.o ./src/fsbl_handoff.o ./src/fsbl_hooks.o ./src/image_mover.o ./src/main.o ./src/md5.o ./src/mmc.o ./src/nand.o ./src/nor.o ./src/pcap.o ./src/ps7_init.o ./src/qspi.o ./src/rsa.o ./src/sd.o   -lrsa -Wl,--start-group,-lxil,-lgcc,-lc,--end-group
'Finished building target: zynq_fsbl.elf'
' '
'Invoking: ARM Print Size'
arm-xilinx-eabi-size zynq_fsbl.elf  |tee "zynq_fsbl.elf.size"
   text	   data	    bss	    dec	    hex	filename
  57064	  11336	  72500	 140900	  22664	zynq_fsbl.elf
'Finished building: zynq_fsbl.elf.size'
' '
11:44:58 **** Clean-only build of project zynq_fsbl_bsp ****
make -k clean 
rm -rf ps7_cortexa9_0
11:45:00 **** Build of project zynq_fsbl_bsp ****
make -k all 
libgen -hw ../xps_proj_hw_platform/system.xml\
       -lp /home/lin/development/petalinux-v2013.10-final/components/edk_user_repository\
       -pe ps7_cortexa9_0 \
       -log libgen.log \
       system.mss
libgen
Xilinx EDK 14.7 Build EDK_P.20131013
Copyright (c) 1995-2012 Xilinx, Inc.  All rights reserved.

Command Line: libgen -hw ../xps_proj_hw_platform/system.xml -lp
/home/lin/development/petalinux-v2013.10-final/components/edk_user_repository
-pe ps7_cortexa9_0 -log libgen.log system.mss 


Staging source files.
Running DRCs.
Running generate.
Running post_generate.
Running include - 'gmake -s include "COMPILER=arm-xilinx-eabi-gcc"
"ARCHIVER=arm-xilinx-eabi-ar" "COMPILER_FLAGS= -O2 -c"
"EXTRA_COMPILER_FLAGS=-g"'.

Running libs - 'gmake -s libs "COMPILER=arm-xilinx-eabi-gcc"
"ARCHIVER=arm-xilinx-eabi-ar" "COMPILER_FLAGS= -O2 -c"
"EXTRA_COMPILER_FLAGS=-g"'.
Compiling common
arm-xilinx-eabi-ar: creating ../../../lib/libxil.a
Compiling standalone
Compiling axidma
Compiling gpio
Compiling iic
Compiling axivdma
Compiling devcfg
Compiling dmaps
Compiling emacps
Compiling gpiops
Compiling qspips
Compiling scugic
Compiling scutimer
Compiling scuwdt
Compiling ttcps
Compiling uartps
Compiling usbps
Compiling xadcps
Compiling cpu_cortexa9
Running execs_generate.
Finished building libraries
11:45:30 **** Auto Build of configuration Debug for project zynq_fsbl ****
make all 
Building file: ../src/ddr_init.c
Invoking: ARM gcc compiler
arm-xilinx-eabi-gcc -Wall -O0 -g3 -c -fmessage-length=0 -I../../zynq_fsbl_bsp/ps7_cortexa9_0/include -MMD -MP -MF"src/ddr_init.d" -MT"src/ddr_init.d" -o "src/ddr_init.o" "../src/ddr_init.c"
Finished building: ../src/ddr_init.c
 
Building file: ../src/ff.c
Invoking: ARM gcc compiler
arm-xilinx-eabi-gcc -Wall -O0 -g3 -c -fmessage-length=0 -I../../zynq_fsbl_bsp/ps7_cortexa9_0/include -MMD -MP -MF"src/ff.d" -MT"src/ff.d" -o "src/ff.o" "../src/ff.c"
Finished building: ../src/ff.c
 
Building file: ../src/fsbl_handoff.S
Invoking: ARM gcc compiler
arm-xilinx-eabi-gcc -Wall -O0 -g3 -c -fmessage-length=0 -I../../zynq_fsbl_bsp/ps7_cortexa9_0/include -MMD -MP -MF"src/fsbl_handoff.d" -MT"src/fsbl_handoff.d" -o "src/fsbl_handoff.o" "../src/fsbl_handoff.S"
Finished building: ../src/fsbl_handoff.S
 
Building file: ../src/fsbl_hooks.c
Invoking: ARM gcc compiler
arm-xilinx-eabi-gcc -Wall -O0 -g3 -c -fmessage-length=0 -I../../zynq_fsbl_bsp/ps7_cortexa9_0/include -MMD -MP -MF"src/fsbl_hooks.d" -MT"src/fsbl_hooks.d" -o "src/fsbl_hooks.o" "../src/fsbl_hooks.c"
Finished building: ../src/fsbl_hooks.c
 
Building file: ../src/image_mover.c
Invoking: ARM gcc compiler
arm-xilinx-eabi-gcc -Wall -O0 -g3 -c -fmessage-length=0 -I../../zynq_fsbl_bsp/ps7_cortexa9_0/include -MMD -MP -MF"src/image_mover.d" -MT"src/image_mover.d" -o "src/image_mover.o" "../src/image_mover.c"
Finished building: ../src/image_mover.c
 
Building file: ../src/main.c
Invoking: ARM gcc compiler
arm-xilinx-eabi-gcc -Wall -O0 -g3 -c -fmessage-length=0 -I../../zynq_fsbl_bsp/ps7_cortexa9_0/include -MMD -MP -MF"src/main.d" -MT"src/main.d" -o "src/main.o" "../src/main.c"
Finished building: ../src/main.c
 
Building file: ../src/md5.c
Invoking: ARM gcc compiler
arm-xilinx-eabi-gcc -Wall -O0 -g3 -c -fmessage-length=0 -I../../zynq_fsbl_bsp/ps7_cortexa9_0/include -MMD -MP -MF"src/md5.d" -MT"src/md5.d" -o "src/md5.o" "../src/md5.c"
Finished building: ../src/md5.c
 
Building file: ../src/mmc.c
Invoking: ARM gcc compiler
arm-xilinx-eabi-gcc -Wall -O0 -g3 -c -fmessage-length=0 -I../../zynq_fsbl_bsp/ps7_cortexa9_0/include -MMD -MP -MF"src/mmc.d" -MT"src/mmc.d" -o "src/mmc.o" "../src/mmc.c"
Finished building: ../src/mmc.c
 
Building file: ../src/nand.c
Invoking: ARM gcc compiler
arm-xilinx-eabi-gcc -Wall -O0 -g3 -c -fmessage-length=0 -I../../zynq_fsbl_bsp/ps7_cortexa9_0/include -MMD -MP -MF"src/nand.d" -MT"src/nand.d" -o "src/nand.o" "../src/nand.c"
Finished building: ../src/nand.c
 
Building file: ../src/nor.c
Invoking: ARM gcc compiler
arm-xilinx-eabi-gcc -Wall -O0 -g3 -c -fmessage-length=0 -I../../zynq_fsbl_bsp/ps7_cortexa9_0/include -MMD -MP -MF"src/nor.d" -MT"src/nor.d" -o "src/nor.o" "../src/nor.c"
Finished building: ../src/nor.c
 
Building file: ../src/pcap.c
Invoking: ARM gcc compiler
arm-xilinx-eabi-gcc -Wall -O0 -g3 -c -fmessage-length=0 -I../../zynq_fsbl_bsp/ps7_cortexa9_0/include -MMD -MP -MF"src/pcap.d" -MT"src/pcap.d" -o "src/pcap.o" "../src/pcap.c"
Finished building: ../src/pcap.c
 
Building file: ../src/ps7_init.c
Invoking: ARM gcc compiler
arm-xilinx-eabi-gcc -Wall -O0 -g3 -c -fmessage-length=0 -I../../zynq_fsbl_bsp/ps7_cortexa9_0/include -MMD -MP -MF"src/ps7_init.d" -MT"src/ps7_init.d" -o "src/ps7_init.o" "../src/ps7_init.c"
Finished building: ../src/ps7_init.c
 
Building file: ../src/qspi.c
Invoking: ARM gcc compiler
arm-xilinx-eabi-gcc -Wall -O0 -g3 -c -fmessage-length=0 -I../../zynq_fsbl_bsp/ps7_cortexa9_0/include -MMD -MP -MF"src/qspi.d" -MT"src/qspi.d" -o "src/qspi.o" "../src/qspi.c"
Finished building: ../src/qspi.c
 
Building file: ../src/rsa.c
Invoking: ARM gcc compiler
arm-xilinx-eabi-gcc -Wall -O0 -g3 -c -fmessage-length=0 -I../../zynq_fsbl_bsp/ps7_cortexa9_0/include -MMD -MP -MF"src/rsa.d" -MT"src/rsa.d" -o "src/rsa.o" "../src/rsa.c"
Finished building: ../src/rsa.c
 
Building file: ../src/sd.c
Invoking: ARM gcc compiler
arm-xilinx-eabi-gcc -Wall -O0 -g3 -c -fmessage-length=0 -I../../zynq_fsbl_bsp/ps7_cortexa9_0/include -MMD -MP -MF"src/sd.d" -MT"src/sd.d" -o "src/sd.o" "../src/sd.c"
Finished building: ../src/sd.c
 
Building target: zynq_fsbl.elf
Invoking: ARM gcc linker
arm-xilinx-eabi-gcc -L"/home/lin/Develop/Xilinx_Xps/openhw_pro/xps_proj/SDK/SDK_Export/zynq_fsbl/src" -Wl,-T -Wl,../src/lscript.ld -L../../zynq_fsbl_bsp/ps7_cortexa9_0/lib -o "zynq_fsbl.elf"  ./src/ddr_init.o ./src/ff.o ./src/fsbl_handoff.o ./src/fsbl_hooks.o ./src/image_mover.o ./src/main.o ./src/md5.o ./src/mmc.o ./src/nand.o ./src/nor.o ./src/pcap.o ./src/ps7_init.o ./src/qspi.o ./src/rsa.o ./src/sd.o   -lrsa -Wl,--start-group,-lxil,-lgcc,-lc,--end-group
Finished building target: zynq_fsbl.elf
 
Invoking: ARM Print Size
arm-xilinx-eabi-size zynq_fsbl.elf  |tee "zynq_fsbl.elf.size"
   text	   data	    bss	    dec	    hex	filename
  69844	  11336	  72500	 153680	  25850	zynq_fsbl.elf
Finished building: zynq_fsbl.elf.size
 
11:47:03 **** Build of project petalinux_bsp_0 ****
make -k all 
libgen -hw ../xps_proj_hw_platform/system.xml\
       -lp /home/lin/development/petalinux-v2013.10-final/components/edk_user_repository\
       -pe ps7_cortexa9_1 \
       -log libgen.log \
       system.mss
libgen
Xilinx EDK 14.7 Build EDK_P.20131013
Copyright (c) 1995-2012 Xilinx, Inc.  All rights reserved.

Command Line: libgen -hw ../xps_proj_hw_platform/system.xml -lp
/home/lin/development/petalinux-v2013.10-final/components/edk_user_repository
-pe ps7_cortexa9_1 -log libgen.log system.mss 


Staging source files.
Running DRCs.
#-------------------------------------------------
# Top Level BSP DRC for Petalinux...
# Created by: Michal Simek
# version: petalinux_v2_00_a
#-------------------------------------------------
project_folder=/home/lin/Develop/Xilinx_Xps/openhw_pro/xps_proj/SDK/SDK_Export/p
etalinux_bsp_0/ps7_cortexa9_1/libsrc/petalinux_v2_00_a/../../..

BSP name: device-tree_v1_01_a device-tree_v2_1_0.tcl
Calling device-tree_v1_01_a ::drc
#--------------------------------------
# device-tree BSP DRC...
#--------------------------------------

BSP name: uboot_v4_00_c uboot_v2_1_0.tcl
Calling uboot_v4_00_c ::drc
#--------------------------------------
# uboot BSP DRC...
#--------------------------------------

BSP name: linux-kconfig_v1_00_a linux-kconfig_v2_1_0.tcl
Calling linux-kconfig_v1_00_a ::drc
#--------------------------------------
# Linux-Kconfig Kconfig BSP DRC...
#--------------------------------------
Running generate.
project_folder=/home/lin/Develop/Xilinx_Xps/openhw_pro/xps_proj/SDK/SDK_Export/p
etalinux_bsp_0/ps7_cortexa9_1/libsrc/petalinux_v2_00_a/../../..
#--------------------------------------
# Standalone BSP generate...
#--------------------------------------
Standalone BSP standalone_v3_11_a
/opt/Xilinx/14.7/ISE_DS/EDK/sw/lib/bsp/standalone_v3_11_a/src/common ./src/
Calling standalone::generate

BSP name: device-tree_v1_01_a device-tree_v2_1_0.tcl
Calling device-tree_v1_01_a ::generate
#--------------------------------------
# device-tree BSP generate...
#--------------------------------------
--- device tree generator version: v1.1 ---
generating xilinx.dts
Clock Port Summary:
clock_generator_0.CLKOUT0 connected to clock_generator_0_CLKOUT0:
    CLK_FREQ_HZ = 12288135
    CLK_INPORT = 
    CLK_FACTOR = 
clock_generator_0.CLKIN connected to processing_system7_0_FCLK_CLK1:
    CLK_FREQ_HZ = 200000000
clock_generator_0.CLKOUT1 connected to clock_generator_0_CLKOUT1:
    CLK_FREQ_HZ = 12288135
    CLK_INPORT = 
    CLK_FACTOR = 
axi_clkgen_0.S_AXI_ACLK connected to processing_system7_0_FCLK_CLK0:
    CLK_FREQ_HZ = 100000000
axi_clkgen_0.clk connected to axi_clkgen_0_clk:
    CLK_FREQ_HZ = WARNING: no frequency found!
    CLK_INPORT = 
    CLK_FACTOR = 
axi_clkgen_0.ref_clk connected to processing_system7_0_FCLK_CLK2:
    CLK_FREQ_HZ = 200000000
axi_interconnect_1.INTERCONNECT_ACLK connected to
processing_system7_0_FCLK_CLK0:
    CLK_FREQ_HZ = 100000000
axi_interconnect_1.S_AXI_ACLK connected to axi_interconnect_1_S_ACLK:
    CLK_FREQ_HZ = WARNING: no frequency found!
axi_interconnect_1.M_AXI_ACLK connected to axi_interconnect_1_M_ACLK:
    CLK_FREQ_HZ = WARNING: no frequency found!
axi_hdmi_tx_16b_0.S_AXI_ACLK connected to processing_system7_0_FCLK_CLK0:
    CLK_FREQ_HZ = 100000000
axi_hdmi_tx_16b_0.hdmi_ref_clk connected to axi_clkgen_0_clk:
    CLK_FREQ_HZ = WARNING: no frequency found!
axi_hdmi_tx_16b_0.vdma_clk connected to processing_system7_0_FCLK_CLK1:
    CLK_FREQ_HZ = 166666672
axi_i2s_adi_0.S_AXI_ACLK connected to processing_system7_0_FCLK_CLK0:
    CLK_FREQ_HZ = 100000000
axi_i2s_adi_0.BCLK_O connected to axi_i2s_adi_0_BCLK_O:
    CLK_FREQ_HZ = WARNING: no frequency found!
    CLK_INPORT = 
    CLK_FACTOR = 
axi_i2s_adi_0.LRCLK_O connected to axi_i2s_adi_0_LRCLK_O:
    CLK_FREQ_HZ = WARNING: no frequency found!
    CLK_INPORT = 
    CLK_FACTOR = 
axi_i2s_adi_0.ACLK connected to processing_system7_0_FCLK_CLK0:
    CLK_FREQ_HZ = 100000000
axi_i2s_adi_0.M_AXIS_ACLK connected to processing_system7_0_FCLK_CLK0:
    CLK_FREQ_HZ = 100000000
axi_spdif_tx_0.S_AXI_ACLK connected to processing_system7_0_FCLK_CLK0:
    CLK_FREQ_HZ = 100000000
axi_spdif_tx_0.spdif_data_clk connected to clock_generator_0_CLKOUT0:
    CLK_FREQ_HZ = 12288135
axi_spdif_tx_0.ACLK connected to processing_system7_0_FCLK_CLK0:
    CLK_FREQ_HZ = 100000000
axi_dma_i2s.m_axi_sg_aclk connected to processing_system7_0_FCLK_CLK0:
    CLK_FREQ_HZ = 100000000
axi_dma_i2s.m_axi_mm2s_aclk connected to processing_system7_0_FCLK_CLK0:
    CLK_FREQ_HZ = 100000000
axi_dma_i2s.m_axi_s2mm_aclk connected to processing_system7_0_FCLK_CLK0:
    CLK_FREQ_HZ = 100000000
axi_dma_i2s.s_axi_lite_aclk connected to processing_system7_0_FCLK_CLK0:
    CLK_FREQ_HZ = 100000000
axi_interconnect_2.INTERCONNECT_ACLK connected to
processing_system7_0_FCLK_CLK0:
    CLK_FREQ_HZ = 100000000
axi_interconnect_2.S_AXI_ACLK connected to axi_interconnect_2_S_ACLK:
    CLK_FREQ_HZ = WARNING: no frequency found!
axi_interconnect_2.M_AXI_ACLK connected to axi_interconnect_2_M_ACLK:
    CLK_FREQ_HZ = WARNING: no frequency found!
axi_dma_spdif.m_axi_sg_aclk connected to processing_system7_0_FCLK_CLK0:
    CLK_FREQ_HZ = 100000000
axi_dma_spdif.m_axi_mm2s_aclk connected to processing_system7_0_FCLK_CLK0:
    CLK_FREQ_HZ = 100000000
axi_dma_spdif.m_axi_s2mm_aclk connected to processing_system7_0_FCLK_CLK0:
    CLK_FREQ_HZ = 100000000
axi_dma_spdif.s_axi_lite_aclk connected to processing_system7_0_FCLK_CLK0:
    CLK_FREQ_HZ = 100000000
axi_interconnect_3.INTERCONNECT_ACLK connected to
processing_system7_0_FCLK_CLK1:
    CLK_FREQ_HZ = 166666672
axi_interconnect_3.S_AXI_ACLK connected to axi_interconnect_3_S_ACLK:
    CLK_FREQ_HZ = WARNING: no frequency found!
axi_interconnect_3.M_AXI_ACLK connected to axi_interconnect_3_M_ACLK:
    CLK_FREQ_HZ = WARNING: no frequency found!
axi_vdma_0.s_axi_lite_aclk connected to processing_system7_0_FCLK_CLK0:
    CLK_FREQ_HZ = 100000000
axi_vdma_0.m_axi_mm2s_aclk connected to processing_system7_0_FCLK_CLK1:
    CLK_FREQ_HZ = 166666672
axi_vdma_0.m_axi_s2mm_aclk connected to processing_system7_0_FCLK_CLK0:
    CLK_FREQ_HZ = 100000000
axi_vdma_0.m_axis_mm2s_aclk connected to processing_system7_0_FCLK_CLK1:
    CLK_FREQ_HZ = 166666672
axi_gpio_i2s.S_AXI_ACLK connected to processing_system7_0_FCLK_CLK0:
    CLK_FREQ_HZ = 100000000
axi_iic_hdmi.S_AXI_ACLK connected to processing_system7_0_FCLK_CLK0:
    CLK_FREQ_HZ = 100000000
axi_iic_i2s.S_AXI_ACLK connected to processing_system7_0_FCLK_CLK0:
    CLK_FREQ_HZ = 100000000
axi_iic_sensor.S_AXI_ACLK connected to processing_system7_0_FCLK_CLK0:
    CLK_FREQ_HZ = 100000000
ps7_axi_interconnect_0.M_AXI_GP0_ACLK connected to
processing_system7_0_FCLK_CLK0:
    CLK_FREQ_HZ = WARNING: no frequency found!
ps7_axi_interconnect_0.M_AXI_GP1_ACLK connected to
ps7_axi_interconnect_0_M_AXI_GP1_ACLK:
    CLK_FREQ_HZ = WARNING: no frequency found!
ps7_axi_interconnect_0.S_AXI_HP1_ACLK connected to
ps7_axi_interconnect_0_S_AXI_HP1_ACLK:
    CLK_FREQ_HZ = WARNING: no frequency found!
ps7_axi_interconnect_0.S_AXI_ACP_ACLK connected to
ps7_axi_interconnect_0_S_AXI_ACP_ACLK:
    CLK_FREQ_HZ = WARNING: no frequency found!
ps7_axi_interconnect_0.S_AXI_GP1_ACLK connected to
ps7_axi_interconnect_0_S_AXI_GP1_ACLK:
    CLK_FREQ_HZ = WARNING: no frequency found!
ps7_axi_interconnect_0.S_AXI_GP0_ACLK connected to
ps7_axi_interconnect_0_S_AXI_GP0_ACLK:
    CLK_FREQ_HZ = WARNING: no frequency found!
ps7_axi_interconnect_0.S_AXI_HP3_ACLK connected to
ps7_axi_interconnect_0_S_AXI_HP3_ACLK:
    CLK_FREQ_HZ = WARNING: no frequency found!
ps7_axi_interconnect_0.S_AXI_HP2_ACLK connected to
processing_system7_0_FCLK_CLK1:
    CLK_FREQ_HZ = WARNING: no frequency found!
ps7_axi_interconnect_0.S_AXI_HP0_ACLK connected to
processing_system7_0_FCLK_CLK0:
    CLK_FREQ_HZ = WARNING: no frequency found!
ps7_axi_interconnect_0.S_AXI_ACLK connected to ps7_axi_interconnect_0_S_ACLK:
    CLK_FREQ_HZ = WARNING: no frequency found!
ps7_axi_interconnect_0.M_AXI_ACLK connected to ps7_axi_interconnect_0_M_ACLK:
    CLK_FREQ_HZ = WARNING: no frequency found!
IP connected to bus: ps7_axi_interconnect_0
-master M_AXI_DP ps7_axi_interconnect_0 ps7_cortexa9_0
-master M_AXI_DP ps7_axi_interconnect_0 ps7_cortexa9_1
-slave S_AXI ps7_axi_interconnect_0 ps7_uart_1
-slave S_AXI ps7_axi_interconnect_0 ps7_afi_0
-slave S_AXI ps7_axi_interconnect_0 ps7_afi_1
-slave S_AXI ps7_axi_interconnect_0 ps7_afi_2
-slave S_AXI ps7_axi_interconnect_0 ps7_afi_3
-slave S_AXI ps7_axi_interconnect_0 ps7_sd_0
-slave S_AXI ps7_axi_interconnect_0 ps7_ttc_0
-slave S_AXI ps7_axi_interconnect_0 ps7_ethernet_0
-slave S_AXI ps7_axi_interconnect_0 ps7_usb_0
-slave S_AXI ps7_axi_interconnect_0 ps7_qspi_0
-slave S_AXI ps7_axi_interconnect_0 ps7_qspi_linear_0
-slave S_AXI ps7_axi_interconnect_0 ps7_ddr_0
-slave S_AXI ps7_axi_interconnect_0 ps7_gpio_0
-slave S_AXI ps7_axi_interconnect_0 ps7_ddrc_0
-slave S_AXI ps7_axi_interconnect_0 ps7_dev_cfg_0
-slave S_AXI ps7_axi_interconnect_0 ps7_xadc_0
-slave S_AXI ps7_axi_interconnect_0 ps7_coresight_comp_0
-slave S_AXI ps7_axi_interconnect_0 ps7_ocmc_0
-slave S_AXI ps7_axi_interconnect_0 ps7_gpv_0
-slave S_AXI ps7_axi_interconnect_0 ps7_scuc_0
-slave S_AXI ps7_axi_interconnect_0 ps7_intc_dist_0
-slave S_AXI ps7_axi_interconnect_0 ps7_globaltimer_0
-slave S_AXI ps7_axi_interconnect_0 ps7_l2cachec_0
-slave S_AXI_LITE ps7_axi_interconnect_0 ps7_dma_s
-slave S_AXI ps7_axi_interconnect_0 ps7_iop_bus_config_0
-slave S_AXI ps7_axi_interconnect_0 ps7_ram_0
-slave S_AXI ps7_axi_interconnect_0 ps7_ram_1
-slave S_AXI ps7_axi_interconnect_0 ps7_scugic_0
-slave S_AXI ps7_axi_interconnect_0 ps7_scutimer_0
-slave S_AXI ps7_axi_interconnect_0 ps7_scuwdt_0
-slave S_AXI ps7_axi_interconnect_0 ps7_slcr_0
-slave S_AXI_LITE ps7_axi_interconnect_0 ps7_dma_ns
-slave axi_clkgen_0
-slave axi_dma_i2s
-slave axi_dma_spdif
-slave axi_gpio_i2s
-slave axi_hdmi_tx_16b_0
-slave axi_i2s_adi_0
-slave axi_iic_hdmi
-slave axi_iic_i2s
-slave axi_iic_sensor
-slave axi_spdif_tx_0
-slave axi_vdma_0
-slave ps7_afi_0
IP 57615456 ps7_afi_0 is already appended - skip it
-slave ps7_afi_1
IP 57615856 ps7_afi_1 is already appended - skip it
-slave ps7_afi_2
IP 57616256 ps7_afi_2 is already appended - skip it
-slave ps7_afi_3
IP 57616656 ps7_afi_3 is already appended - skip it
-slave ps7_coresight_comp_0
IP 57621856 ps7_coresight_comp_0 is already appended - skip it
-slave ps7_ddr_0
IP 57619456 ps7_ddr_0 is already appended - skip it
-slave ps7_ddrc_0
IP 57620656 ps7_ddrc_0 is already appended - skip it
-slave ps7_dev_cfg_0
IP 57621056 ps7_dev_cfg_0 is already appended - skip it
-slave ps7_dma_ns
-slave ps7_dma_s
IP 57934432 ps7_dma_s is already appended - skip it
-slave ps7_ethernet_0
IP 57617856 ps7_ethernet_0 is already appended - skip it
-slave ps7_globaltimer_0
IP 57933632 ps7_globaltimer_0 is already appended - skip it
-slave ps7_gpio_0
IP 57619856 ps7_gpio_0 is already appended - skip it
-slave ps7_gpv_0
IP 57622656 ps7_gpv_0 is already appended - skip it
-slave ps7_intc_dist_0
IP 57623456 ps7_intc_dist_0 is already appended - skip it
-slave ps7_iop_bus_config_0
IP 57934832 ps7_iop_bus_config_0 is already appended - skip it
-slave ps7_l2cachec_0
IP 57934032 ps7_l2cachec_0 is already appended - skip it
-slave ps7_ocmc_0
IP 57622256 ps7_ocmc_0 is already appended - skip it
-slave ps7_qspi_0
IP 57618656 ps7_qspi_0 is already appended - skip it
-slave ps7_qspi_linear_0
IP 57619056 ps7_qspi_linear_0 is already appended - skip it
-slave ps7_ram_0
IP 57935232 ps7_ram_0 is already appended - skip it
-slave ps7_ram_1
IP 57935632 ps7_ram_1 is already appended - skip it
-slave ps7_scuc_0
IP 57623056 ps7_scuc_0 is already appended - skip it
-slave ps7_scugic_0
IP 57936032 ps7_scugic_0 is already appended - skip it
-slave ps7_scutimer_0
IP 57936432 ps7_scutimer_0 is already appended - skip it
-slave ps7_scuwdt_0
IP 57936832 ps7_scuwdt_0 is already appended - skip it
-slave ps7_sd_0
IP 57617056 ps7_sd_0 is already appended - skip it
-slave ps7_slcr_0
IP 57937232 ps7_slcr_0 is already appended - skip it
-slave ps7_ttc_0
IP 57617456 ps7_ttc_0 is already appended - skip it
-slave ps7_uart_1
IP 57427568 ps7_uart_1 is already appended - skip it
-slave ps7_usb_0
IP 57618256 ps7_usb_0 is already appended - skip it
-slave ps7_xadc_0
IP 57621456 ps7_xadc_0 is already appended - skip it
ps7_afi_0
ps7_afi_1
ps7_afi_2
ps7_afi_3
ps7_coresight_comp_0
ps7_ocmc_0
ps7_gpv_0
ps7_scuc_0
ps7_intc_dist_0
ps7_globaltimer_0
ps7_l2cachec_0
axi_clkgen_0
axi_i2s_adi_0
axi_spdif_tx_0
axi_hdmi_tx_16b_0
{serial0 aliasref ps7_uart_1 0} {ethernet0 aliasref ps7_ethernet_0 0} {spi0
aliasref ps7_qspi_0 0} {i2c0 aliasref axi_iic_hdmi 0} {i2c1 aliasref axi_iic_i2s
1} {i2c2 aliasref axi_iic_sensor 2}

BSP name: uboot_v4_00_c uboot_v2_1_0.tcl
Calling uboot_v4_00_c ::generate
#--------------------------------------
# uboot BSP generate...
#--------------------------------------
Not find correct clock frequency
/* Main Memory is ps7_ddr_0 */
INFO automatic U-BOOT position = 0x1fc00000

BSP name: linux-kconfig_v1_00_a linux-kconfig_v2_1_0.tcl
Calling linux-kconfig_v1_00_a ::generate
#--------------------------------------
# Linux-Kconfig BSP generate...
#--------------------------------------
Running post_generate.
Running include - 'gmake -s include "COMPILER=arm-xilinx-eabi-gcc"
"ARCHIVER=arm-xilinx-eabi-ar" "COMPILER_FLAGS= -O2 -c"
"EXTRA_COMPILER_FLAGS=-g"'.

Running libs - 'gmake -s libs "COMPILER=arm-xilinx-eabi-gcc"
"ARCHIVER=arm-xilinx-eabi-ar" "COMPILER_FLAGS= -O2 -c"
"EXTRA_COMPILER_FLAGS=-g"'.
Compiling common
arm-xilinx-eabi-ar: creating ../../../lib/libxil.a
Compiling standalone
Compiling axidma
Compiling gpio
Compiling iic
Compiling axivdma
Compiling devcfg
Compiling dmaps
Compiling emacps
Compiling gpiops
Compiling qspips
Compiling scugic
Compiling scutimer
Compiling scuwdt
Compiling ttcps
Compiling uartps
Compiling usbps
Compiling xadcps
Compiling cpu_cortexa9
Running execs_generate.
Finished building libraries
19:46:05 **** Clean-only build of configuration Debug for project zynq_fsbl ****
make clean 
rm -rf  ./src/ddr_init.o ./src/ff.o ./src/fsbl_handoff.o ./src/fsbl_hooks.o ./src/image_mover.o ./src/main.o ./src/md5.o ./src/mmc.o ./src/nand.o ./src/nor.o ./src/pcap.o ./src/ps7_init.o ./src/qspi.o ./src/rsa.o ./src/sd.o  ./src/ddr_init.d ./src/ff.d ./src/fsbl_hooks.d ./src/image_mover.d ./src/main.d ./src/md5.d ./src/mmc.d ./src/nand.d ./src/nor.d ./src/pcap.d ./src/ps7_init.d ./src/qspi.d ./src/rsa.d ./src/sd.d  zynq_fsbl.elf.size  ./src/fsbl_handoff.d  zynq_fsbl.elf
 
19:46:05 **** Incremental Build of configuration Debug for project zynq_fsbl ****
make all 
Building file: ../src/ddr_init.c
Invoking: ARM gcc compiler
arm-xilinx-eabi-gcc -Wall -O0 -g3 -c -fmessage-length=0 -I../../zynq_fsbl_bsp/ps7_cortexa9_0/include -MMD -MP -MF"src/ddr_init.d" -MT"src/ddr_init.d" -o "src/ddr_init.o" "../src/ddr_init.c"
Finished building: ../src/ddr_init.c
 
Building file: ../src/ff.c
Invoking: ARM gcc compiler
arm-xilinx-eabi-gcc -Wall -O0 -g3 -c -fmessage-length=0 -I../../zynq_fsbl_bsp/ps7_cortexa9_0/include -MMD -MP -MF"src/ff.d" -MT"src/ff.d" -o "src/ff.o" "../src/ff.c"
Finished building: ../src/ff.c
 
Building file: ../src/fsbl_handoff.S
Invoking: ARM gcc compiler
arm-xilinx-eabi-gcc -Wall -O0 -g3 -c -fmessage-length=0 -I../../zynq_fsbl_bsp/ps7_cortexa9_0/include -MMD -MP -MF"src/fsbl_handoff.d" -MT"src/fsbl_handoff.d" -o "src/fsbl_handoff.o" "../src/fsbl_handoff.S"
Finished building: ../src/fsbl_handoff.S
 
Building file: ../src/fsbl_hooks.c
Invoking: ARM gcc compiler
arm-xilinx-eabi-gcc -Wall -O0 -g3 -c -fmessage-length=0 -I../../zynq_fsbl_bsp/ps7_cortexa9_0/include -MMD -MP -MF"src/fsbl_hooks.d" -MT"src/fsbl_hooks.d" -o "src/fsbl_hooks.o" "../src/fsbl_hooks.c"
Finished building: ../src/fsbl_hooks.c
 
Building file: ../src/image_mover.c
Invoking: ARM gcc compiler
arm-xilinx-eabi-gcc -Wall -O0 -g3 -c -fmessage-length=0 -I../../zynq_fsbl_bsp/ps7_cortexa9_0/include -MMD -MP -MF"src/image_mover.d" -MT"src/image_mover.d" -o "src/image_mover.o" "../src/image_mover.c"
Finished building: ../src/image_mover.c
 
Building file: ../src/main.c
Invoking: ARM gcc compiler
arm-xilinx-eabi-gcc -Wall -O0 -g3 -c -fmessage-length=0 -I../../zynq_fsbl_bsp/ps7_cortexa9_0/include -MMD -MP -MF"src/main.d" -MT"src/main.d" -o "src/main.o" "../src/main.c"
Finished building: ../src/main.c
 
Building file: ../src/md5.c
Invoking: ARM gcc compiler
arm-xilinx-eabi-gcc -Wall -O0 -g3 -c -fmessage-length=0 -I../../zynq_fsbl_bsp/ps7_cortexa9_0/include -MMD -MP -MF"src/md5.d" -MT"src/md5.d" -o "src/md5.o" "../src/md5.c"
Finished building: ../src/md5.c
 
Building file: ../src/mmc.c
Invoking: ARM gcc compiler
arm-xilinx-eabi-gcc -Wall -O0 -g3 -c -fmessage-length=0 -I../../zynq_fsbl_bsp/ps7_cortexa9_0/include -MMD -MP -MF"src/mmc.d" -MT"src/mmc.d" -o "src/mmc.o" "../src/mmc.c"
Finished building: ../src/mmc.c
 
Building file: ../src/nand.c
Invoking: ARM gcc compiler
arm-xilinx-eabi-gcc -Wall -O0 -g3 -c -fmessage-length=0 -I../../zynq_fsbl_bsp/ps7_cortexa9_0/include -MMD -MP -MF"src/nand.d" -MT"src/nand.d" -o "src/nand.o" "../src/nand.c"
Finished building: ../src/nand.c
 
Building file: ../src/nor.c
Invoking: ARM gcc compiler
arm-xilinx-eabi-gcc -Wall -O0 -g3 -c -fmessage-length=0 -I../../zynq_fsbl_bsp/ps7_cortexa9_0/include -MMD -MP -MF"src/nor.d" -MT"src/nor.d" -o "src/nor.o" "../src/nor.c"
Finished building: ../src/nor.c
 
Building file: ../src/pcap.c
Invoking: ARM gcc compiler
arm-xilinx-eabi-gcc -Wall -O0 -g3 -c -fmessage-length=0 -I../../zynq_fsbl_bsp/ps7_cortexa9_0/include -MMD -MP -MF"src/pcap.d" -MT"src/pcap.d" -o "src/pcap.o" "../src/pcap.c"
Finished building: ../src/pcap.c
 
Building file: ../src/ps7_init.c
Invoking: ARM gcc compiler
arm-xilinx-eabi-gcc -Wall -O0 -g3 -c -fmessage-length=0 -I../../zynq_fsbl_bsp/ps7_cortexa9_0/include -MMD -MP -MF"src/ps7_init.d" -MT"src/ps7_init.d" -o "src/ps7_init.o" "../src/ps7_init.c"
Finished building: ../src/ps7_init.c
 
Building file: ../src/qspi.c
Invoking: ARM gcc compiler
arm-xilinx-eabi-gcc -Wall -O0 -g3 -c -fmessage-length=0 -I../../zynq_fsbl_bsp/ps7_cortexa9_0/include -MMD -MP -MF"src/qspi.d" -MT"src/qspi.d" -o "src/qspi.o" "../src/qspi.c"
Finished building: ../src/qspi.c
 
Building file: ../src/rsa.c
Invoking: ARM gcc compiler
arm-xilinx-eabi-gcc -Wall -O0 -g3 -c -fmessage-length=0 -I../../zynq_fsbl_bsp/ps7_cortexa9_0/include -MMD -MP -MF"src/rsa.d" -MT"src/rsa.d" -o "src/rsa.o" "../src/rsa.c"
Finished building: ../src/rsa.c
 
Building file: ../src/sd.c
Invoking: ARM gcc compiler
arm-xilinx-eabi-gcc -Wall -O0 -g3 -c -fmessage-length=0 -I../../zynq_fsbl_bsp/ps7_cortexa9_0/include -MMD -MP -MF"src/sd.d" -MT"src/sd.d" -o "src/sd.o" "../src/sd.c"
Finished building: ../src/sd.c
 
Building target: zynq_fsbl.elf
Invoking: ARM gcc linker
arm-xilinx-eabi-gcc -L"/home/lin/Develop/Xilinx_Xps/openhw_pro/xps_proj/SDK/SDK_Export/zynq_fsbl/src" -Wl,-T -Wl,../src/lscript.ld -L../../zynq_fsbl_bsp/ps7_cortexa9_0/lib -o "zynq_fsbl.elf"  ./src/ddr_init.o ./src/ff.o ./src/fsbl_handoff.o ./src/fsbl_hooks.o ./src/image_mover.o ./src/main.o ./src/md5.o ./src/mmc.o ./src/nand.o ./src/nor.o ./src/pcap.o ./src/ps7_init.o ./src/qspi.o ./src/rsa.o ./src/sd.o   -lrsa -Wl,--start-group,-lxil,-lgcc,-lc,--end-group
Finished building target: zynq_fsbl.elf
 
Invoking: ARM Print Size
arm-xilinx-eabi-size zynq_fsbl.elf  |tee "zynq_fsbl.elf.size"
   text	   data	    bss	    dec	    hex	filename
  69844	  11336	  72500	 153680	  25850	zynq_fsbl.elf
Finished building: zynq_fsbl.elf.size
 
19:46:41 **** Incremental Build of configuration Debug for project zynq_fsbl ****
make all 
make: 对“all”无需做任何事。
19:49:18 **** Auto Build of project petalinux_bsp_0 ****
make -k all 
Finished building libraries
19:49:19 **** Auto Build of project zynq_fsbl_bsp ****
make -k all 
Finished building libraries
19:49:22 **** Auto Build of project petalinux_bsp_0 ****
make -k all 
libgen -hw ../xps_proj_hw_platform/system.xml\
       -lp /home/lin/development/petalinux-v2013.10-final/components/edk_user_repository\
       -pe ps7_cortexa9_1 \
       -log libgen.log \
       system.mss
libgen
Xilinx EDK 14.7 Build EDK_P.20131013
Copyright (c) 1995-2012 Xilinx, Inc.  All rights reserved.

Command Line: libgen -hw ../xps_proj_hw_platform/system.xml -lp
/home/lin/development/petalinux-v2013.10-final/components/edk_user_repository
-pe ps7_cortexa9_1 -log libgen.log system.mss 


Staging source files.
Running DRCs.
#-------------------------------------------------
# Top Level BSP DRC for Petalinux...
# Created by: Michal Simek
# version: petalinux_v2_00_a
#-------------------------------------------------
project_folder=/home/lin/Develop/Xilinx_Xps/openhw_pro/xps_proj/SDK/SDK_Export/p
etalinux_bsp_0/ps7_cortexa9_1/libsrc/petalinux_v2_00_a/../../..

BSP name: device-tree_v1_01_a device-tree_v2_1_0.tcl
Calling device-tree_v1_01_a ::drc
#--------------------------------------
# device-tree BSP DRC...
#--------------------------------------

BSP name: uboot_v4_00_c uboot_v2_1_0.tcl
Calling uboot_v4_00_c ::drc
#--------------------------------------
# uboot BSP DRC...
#--------------------------------------

BSP name: linux-kconfig_v1_00_a linux-kconfig_v2_1_0.tcl
Calling linux-kconfig_v1_00_a ::drc
#--------------------------------------
# Linux-Kconfig Kconfig BSP DRC...
#--------------------------------------
Running generate.
project_folder=/home/lin/Develop/Xilinx_Xps/openhw_pro/xps_proj/SDK/SDK_Export/p
etalinux_bsp_0/ps7_cortexa9_1/libsrc/petalinux_v2_00_a/../../..
#--------------------------------------
# Standalone BSP generate...
#--------------------------------------
Standalone BSP standalone_v3_11_a
/opt/Xilinx/14.7/ISE_DS/EDK/sw/lib/bsp/standalone_v3_11_a/src/common ./src/
Calling standalone::generate

BSP name: device-tree_v1_01_a device-tree_v2_1_0.tcl
Calling device-tree_v1_01_a ::generate
#--------------------------------------
# device-tree BSP generate...
#--------------------------------------
--- device tree generator version: v1.1 ---
generating xilinx.dts
Clock Port Summary:
clock_generator_0.CLKOUT0 connected to clock_generator_0_CLKOUT0:
    CLK_FREQ_HZ = 12288135
    CLK_INPORT = 
    CLK_FACTOR = 
clock_generator_0.CLKIN connected to processing_system7_0_FCLK_CLK1:
    CLK_FREQ_HZ = 200000000
clock_generator_0.CLKOUT1 connected to clock_generator_0_CLKOUT1:
    CLK_FREQ_HZ = 12288135
    CLK_INPORT = 
    CLK_FACTOR = 
axi_clkgen_0.S_AXI_ACLK connected to processing_system7_0_FCLK_CLK0:
    CLK_FREQ_HZ = 100000000
axi_clkgen_0.clk connected to axi_clkgen_0_clk:
    CLK_FREQ_HZ = WARNING: no frequency found!
    CLK_INPORT = 
    CLK_FACTOR = 
axi_clkgen_0.ref_clk connected to processing_system7_0_FCLK_CLK2:
    CLK_FREQ_HZ = 200000000
axi_interconnect_1.INTERCONNECT_ACLK connected to
processing_system7_0_FCLK_CLK0:
    CLK_FREQ_HZ = 100000000
axi_interconnect_1.S_AXI_ACLK connected to axi_interconnect_1_S_ACLK:
    CLK_FREQ_HZ = WARNING: no frequency found!
axi_interconnect_1.M_AXI_ACLK connected to axi_interconnect_1_M_ACLK:
    CLK_FREQ_HZ = WARNING: no frequency found!
axi_hdmi_tx_16b_0.S_AXI_ACLK connected to processing_system7_0_FCLK_CLK0:
    CLK_FREQ_HZ = 100000000
axi_hdmi_tx_16b_0.hdmi_ref_clk connected to axi_clkgen_0_clk:
    CLK_FREQ_HZ = WARNING: no frequency found!
axi_hdmi_tx_16b_0.vdma_clk connected to processing_system7_0_FCLK_CLK1:
    CLK_FREQ_HZ = 166666672
axi_i2s_adi_0.S_AXI_ACLK connected to processing_system7_0_FCLK_CLK0:
    CLK_FREQ_HZ = 100000000
axi_i2s_adi_0.BCLK_O connected to axi_i2s_adi_0_BCLK_O:
    CLK_FREQ_HZ = WARNING: no frequency found!
    CLK_INPORT = 
    CLK_FACTOR = 
axi_i2s_adi_0.LRCLK_O connected to axi_i2s_adi_0_LRCLK_O:
    CLK_FREQ_HZ = WARNING: no frequency found!
    CLK_INPORT = 
    CLK_FACTOR = 
axi_i2s_adi_0.ACLK connected to processing_system7_0_FCLK_CLK0:
    CLK_FREQ_HZ = 100000000
axi_i2s_adi_0.M_AXIS_ACLK connected to processing_system7_0_FCLK_CLK0:
    CLK_FREQ_HZ = 100000000
axi_spdif_tx_0.S_AXI_ACLK connected to processing_system7_0_FCLK_CLK0:
    CLK_FREQ_HZ = 100000000
axi_spdif_tx_0.spdif_data_clk connected to clock_generator_0_CLKOUT0:
    CLK_FREQ_HZ = 12288135
axi_spdif_tx_0.ACLK connected to processing_system7_0_FCLK_CLK0:
    CLK_FREQ_HZ = 100000000
axi_dma_i2s.m_axi_sg_aclk connected to processing_system7_0_FCLK_CLK0:
    CLK_FREQ_HZ = 100000000
axi_dma_i2s.m_axi_mm2s_aclk connected to processing_system7_0_FCLK_CLK0:
    CLK_FREQ_HZ = 100000000
axi_dma_i2s.m_axi_s2mm_aclk connected to processing_system7_0_FCLK_CLK0:
    CLK_FREQ_HZ = 100000000
axi_dma_i2s.s_axi_lite_aclk connected to processing_system7_0_FCLK_CLK0:
    CLK_FREQ_HZ = 100000000
axi_interconnect_2.INTERCONNECT_ACLK connected to
processing_system7_0_FCLK_CLK0:
    CLK_FREQ_HZ = 100000000
axi_interconnect_2.S_AXI_ACLK connected to axi_interconnect_2_S_ACLK:
    CLK_FREQ_HZ = WARNING: no frequency found!
axi_interconnect_2.M_AXI_ACLK connected to axi_interconnect_2_M_ACLK:
    CLK_FREQ_HZ = WARNING: no frequency found!
axi_dma_spdif.m_axi_sg_aclk connected to processing_system7_0_FCLK_CLK0:
    CLK_FREQ_HZ = 100000000
axi_dma_spdif.m_axi_mm2s_aclk connected to processing_system7_0_FCLK_CLK0:
    CLK_FREQ_HZ = 100000000
axi_dma_spdif.m_axi_s2mm_aclk connected to processing_system7_0_FCLK_CLK0:
    CLK_FREQ_HZ = 100000000
axi_dma_spdif.s_axi_lite_aclk connected to processing_system7_0_FCLK_CLK0:
    CLK_FREQ_HZ = 100000000
axi_interconnect_3.INTERCONNECT_ACLK connected to
processing_system7_0_FCLK_CLK1:
    CLK_FREQ_HZ = 166666672
axi_interconnect_3.S_AXI_ACLK connected to axi_interconnect_3_S_ACLK:
    CLK_FREQ_HZ = WARNING: no frequency found!
axi_interconnect_3.M_AXI_ACLK connected to axi_interconnect_3_M_ACLK:
    CLK_FREQ_HZ = WARNING: no frequency found!
axi_vdma_0.s_axi_lite_aclk connected to processing_system7_0_FCLK_CLK0:
    CLK_FREQ_HZ = 100000000
axi_vdma_0.m_axi_mm2s_aclk connected to processing_system7_0_FCLK_CLK1:
    CLK_FREQ_HZ = 166666672
axi_vdma_0.m_axi_s2mm_aclk connected to processing_system7_0_FCLK_CLK0:
    CLK_FREQ_HZ = 100000000
axi_vdma_0.m_axis_mm2s_aclk connected to processing_system7_0_FCLK_CLK1:
    CLK_FREQ_HZ = 166666672
axi_gpio_i2s.S_AXI_ACLK connected to processing_system7_0_FCLK_CLK0:
    CLK_FREQ_HZ = 100000000
axi_iic_hdmi.S_AXI_ACLK connected to processing_system7_0_FCLK_CLK0:
    CLK_FREQ_HZ = 100000000
axi_iic_i2s.S_AXI_ACLK connected to processing_system7_0_FCLK_CLK0:
    CLK_FREQ_HZ = 100000000
axi_iic_sensor.S_AXI_ACLK connected to processing_system7_0_FCLK_CLK0:
    CLK_FREQ_HZ = 100000000
ps7_axi_interconnect_0.M_AXI_GP0_ACLK connected to
processing_system7_0_FCLK_CLK0:
    CLK_FREQ_HZ = WARNING: no frequency found!
ps7_axi_interconnect_0.M_AXI_GP1_ACLK connected to
ps7_axi_interconnect_0_M_AXI_GP1_ACLK:
    CLK_FREQ_HZ = WARNING: no frequency found!
ps7_axi_interconnect_0.S_AXI_HP1_ACLK connected to
ps7_axi_interconnect_0_S_AXI_HP1_ACLK:
    CLK_FREQ_HZ = WARNING: no frequency found!
ps7_axi_interconnect_0.S_AXI_ACP_ACLK connected to
ps7_axi_interconnect_0_S_AXI_ACP_ACLK:
    CLK_FREQ_HZ = WARNING: no frequency found!
ps7_axi_interconnect_0.S_AXI_GP1_ACLK connected to
ps7_axi_interconnect_0_S_AXI_GP1_ACLK:
    CLK_FREQ_HZ = WARNING: no frequency found!
ps7_axi_interconnect_0.S_AXI_GP0_ACLK connected to
ps7_axi_interconnect_0_S_AXI_GP0_ACLK:
    CLK_FREQ_HZ = WARNING: no frequency found!
ps7_axi_interconnect_0.S_AXI_HP3_ACLK connected to
ps7_axi_interconnect_0_S_AXI_HP3_ACLK:
    CLK_FREQ_HZ = WARNING: no frequency found!
ps7_axi_interconnect_0.S_AXI_HP2_ACLK connected to
processing_system7_0_FCLK_CLK1:
    CLK_FREQ_HZ = WARNING: no frequency found!
ps7_axi_interconnect_0.S_AXI_HP0_ACLK connected to
processing_system7_0_FCLK_CLK0:
    CLK_FREQ_HZ = WARNING: no frequency found!
ps7_axi_interconnect_0.S_AXI_ACLK connected to ps7_axi_interconnect_0_S_ACLK:
    CLK_FREQ_HZ = WARNING: no frequency found!
ps7_axi_interconnect_0.M_AXI_ACLK connected to ps7_axi_interconnect_0_M_ACLK:
    CLK_FREQ_HZ = WARNING: no frequency found!
IP connected to bus: ps7_axi_interconnect_0
-master M_AXI_DP ps7_axi_interconnect_0 ps7_cortexa9_0
-master M_AXI_DP ps7_axi_interconnect_0 ps7_cortexa9_1
-slave S_AXI ps7_axi_interconnect_0 ps7_uart_1
-slave S_AXI ps7_axi_interconnect_0 ps7_i2c_0
-slave S_AXI ps7_axi_interconnect_0 ps7_afi_0
-slave S_AXI ps7_axi_interconnect_0 ps7_afi_1
-slave S_AXI ps7_axi_interconnect_0 ps7_afi_2
-slave S_AXI ps7_axi_interconnect_0 ps7_afi_3
-slave S_AXI ps7_axi_interconnect_0 ps7_i2c_1
-slave S_AXI ps7_axi_interconnect_0 ps7_sd_0
-slave S_AXI ps7_axi_interconnect_0 ps7_ttc_0
-slave S_AXI ps7_axi_interconnect_0 ps7_ethernet_0
-slave S_AXI ps7_axi_interconnect_0 ps7_usb_0
-slave S_AXI ps7_axi_interconnect_0 ps7_qspi_0
-slave S_AXI ps7_axi_interconnect_0 ps7_qspi_linear_0
-slave S_AXI ps7_axi_interconnect_0 ps7_ddr_0
-slave S_AXI ps7_axi_interconnect_0 ps7_gpio_0
-slave S_AXI ps7_axi_interconnect_0 ps7_ddrc_0
-slave S_AXI ps7_axi_interconnect_0 ps7_dev_cfg_0
-slave S_AXI ps7_axi_interconnect_0 ps7_xadc_0
-slave S_AXI ps7_axi_interconnect_0 ps7_coresight_comp_0
-slave S_AXI ps7_axi_interconnect_0 ps7_ocmc_0
-slave S_AXI ps7_axi_interconnect_0 ps7_gpv_0
-slave S_AXI ps7_axi_interconnect_0 ps7_scuc_0
-slave S_AXI ps7_axi_interconnect_0 ps7_intc_dist_0
-slave S_AXI ps7_axi_interconnect_0 ps7_globaltimer_0
-slave S_AXI ps7_axi_interconnect_0 ps7_l2cachec_0
-slave S_AXI_LITE ps7_axi_interconnect_0 ps7_dma_s
-slave S_AXI ps7_axi_interconnect_0 ps7_iop_bus_config_0
-slave S_AXI ps7_axi_interconnect_0 ps7_ram_0
-slave S_AXI ps7_axi_interconnect_0 ps7_ram_1
-slave S_AXI ps7_axi_interconnect_0 ps7_scugic_0
-slave S_AXI ps7_axi_interconnect_0 ps7_scutimer_0
-slave S_AXI ps7_axi_interconnect_0 ps7_scuwdt_0
-slave S_AXI ps7_axi_interconnect_0 ps7_slcr_0
-slave S_AXI_LITE ps7_axi_interconnect_0 ps7_dma_ns
-slave axi_clkgen_0
-slave axi_dma_i2s
-slave axi_dma_spdif
-slave axi_gpio_i2s
-slave axi_hdmi_tx_16b_0
-slave axi_i2s_adi_0
-slave axi_iic_hdmi
-slave axi_iic_i2s
-slave axi_iic_sensor
-slave axi_spdif_tx_0
-slave axi_vdma_0
-slave ps7_afi_0
IP 68910496 ps7_afi_0 is already appended - skip it
-slave ps7_afi_1
IP 68910896 ps7_afi_1 is already appended - skip it
-slave ps7_afi_2
IP 68911296 ps7_afi_2 is already appended - skip it
-slave ps7_afi_3
IP 68911696 ps7_afi_3 is already appended - skip it
-slave ps7_coresight_comp_0
IP 68917296 ps7_coresight_comp_0 is already appended - skip it
-slave ps7_ddr_0
IP 68914896 ps7_ddr_0 is already appended - skip it
-slave ps7_ddrc_0
IP 68916096 ps7_ddrc_0 is already appended - skip it
-slave ps7_dev_cfg_0
IP 68916496 ps7_dev_cfg_0 is already appended - skip it
-slave ps7_dma_ns
-slave ps7_dma_s
IP 69213568 ps7_dma_s is already appended - skip it
-slave ps7_ethernet_0
IP 68913296 ps7_ethernet_0 is already appended - skip it
-slave ps7_globaltimer_0
IP 69212768 ps7_globaltimer_0 is already appended - skip it
-slave ps7_gpio_0
IP 68915296 ps7_gpio_0 is already appended - skip it
-slave ps7_gpv_0
IP 69211600 ps7_gpv_0 is already appended - skip it
-slave ps7_i2c_0
IP 68910096 ps7_i2c_0 is already appended - skip it
-slave ps7_i2c_1
IP 68912096 ps7_i2c_1 is already appended - skip it
-slave ps7_intc_dist_0
IP 69212368 ps7_intc_dist_0 is already appended - skip it
-slave ps7_iop_bus_config_0
IP 69213968 ps7_iop_bus_config_0 is already appended - skip it
-slave ps7_l2cachec_0
IP 69213168 ps7_l2cachec_0 is already appended - skip it
-slave ps7_ocmc_0
IP 68917696 ps7_ocmc_0 is already appended - skip it
-slave ps7_qspi_0
IP 68914096 ps7_qspi_0 is already appended - skip it
-slave ps7_qspi_linear_0
IP 68914496 ps7_qspi_linear_0 is already appended - skip it
-slave ps7_ram_0
IP 69214368 ps7_ram_0 is already appended - skip it
-slave ps7_ram_1
IP 69214768 ps7_ram_1 is already appended - skip it
-slave ps7_scuc_0
IP 69211968 ps7_scuc_0 is already appended - skip it
-slave ps7_scugic_0
IP 69215168 ps7_scugic_0 is already appended - skip it
-slave ps7_scutimer_0
IP 69215568 ps7_scutimer_0 is already appended - skip it
-slave ps7_scuwdt_0
IP 69215968 ps7_scuwdt_0 is already appended - skip it
-slave ps7_sd_0
IP 68912496 ps7_sd_0 is already appended - skip it
-slave ps7_slcr_0
IP 69216368 ps7_slcr_0 is already appended - skip it
-slave ps7_ttc_0
IP 68912896 ps7_ttc_0 is already appended - skip it
-slave ps7_uart_1
IP 69561776 ps7_uart_1 is already appended - skip it
-slave ps7_usb_0
IP 68913696 ps7_usb_0 is already appended - skip it
-slave ps7_xadc_0
IP 68916896 ps7_xadc_0 is already appended - skip it
ps7_afi_0
ps7_afi_1
ps7_afi_2
ps7_afi_3
ps7_coresight_comp_0
ps7_ocmc_0
ps7_gpv_0
ps7_scuc_0
ps7_intc_dist_0
ps7_globaltimer_0
ps7_l2cachec_0
axi_clkgen_0
axi_i2s_adi_0
axi_spdif_tx_0
axi_hdmi_tx_16b_0
{serial0 aliasref ps7_uart_1 0} {i2c0 aliasref ps7_i2c_0 0} {i2c1 aliasref
ps7_i2c_1 1} {ethernet0 aliasref ps7_ethernet_0 0} {spi0 aliasref ps7_qspi_0 0}
{i2c2 aliasref axi_iic_hdmi 2} {i2c3 aliasref axi_iic_i2s 3} {i2c4 aliasref
axi_iic_sensor 4}

BSP name: uboot_v4_00_c uboot_v2_1_0.tcl
Calling uboot_v4_00_c ::generate
#--------------------------------------
# uboot BSP generate...
#--------------------------------------
Not find correct clock frequency
/* Main Memory is ps7_ddr_0 */
INFO automatic U-BOOT position = 0x1fc00000

BSP name: linux-kconfig_v1_00_a linux-kconfig_v2_1_0.tcl
Calling linux-kconfig_v1_00_a ::generate
#--------------------------------------
# Linux-Kconfig BSP generate...
#--------------------------------------
Running post_generate.
Running include - 'gmake -s include "COMPILER=arm-xilinx-eabi-gcc"
"ARCHIVER=arm-xilinx-eabi-ar" "COMPILER_FLAGS= -O2 -c"
"EXTRA_COMPILER_FLAGS=-g"'.

Running libs - 'gmake -s libs "COMPILER=arm-xilinx-eabi-gcc"
"ARCHIVER=arm-xilinx-eabi-ar" "COMPILER_FLAGS= -O2 -c"
"EXTRA_COMPILER_FLAGS=-g"'.
Compiling common
arm-xilinx-eabi-ar: creating ../../../lib/libxil.a
Compiling standalone
Compiling axidma
Compiling gpio
Compiling iic
Compiling axivdma
Compiling devcfg
Compiling dmaps
Compiling emacps
Compiling gpiops
Compiling qspips
Compiling scugic
Compiling scutimer
Compiling scuwdt
Compiling ttcps
Compiling uartps
Compiling usbps
Compiling xadcps
Compiling cpu_cortexa9
Running execs_generate.
Finished building libraries
19:49:50 **** Auto Build of project zynq_fsbl_bsp ****
make -k all 
libgen -hw ../xps_proj_hw_platform/system.xml\
       -lp /home/lin/development/petalinux-v2013.10-final/components/edk_user_repository\
       -pe ps7_cortexa9_0 \
       -log libgen.log \
       system.mss
libgen
Xilinx EDK 14.7 Build EDK_P.20131013
Copyright (c) 1995-2012 Xilinx, Inc.  All rights reserved.

Command Line: libgen -hw ../xps_proj_hw_platform/system.xml -lp
/home/lin/development/petalinux-v2013.10-final/components/edk_user_repository
-pe ps7_cortexa9_0 -log libgen.log system.mss 


Staging source files.
Running DRCs.
Running generate.
Running post_generate.
Running include - 'gmake -s include "COMPILER=arm-xilinx-eabi-gcc"
"ARCHIVER=arm-xilinx-eabi-ar" "COMPILER_FLAGS= -O2 -c"
"EXTRA_COMPILER_FLAGS=-g"'.

Running libs - 'gmake -s libs "COMPILER=arm-xilinx-eabi-gcc"
"ARCHIVER=arm-xilinx-eabi-ar" "COMPILER_FLAGS= -O2 -c"
"EXTRA_COMPILER_FLAGS=-g"'.
Compiling common
arm-xilinx-eabi-ar: creating ../../../lib/libxil.a
Compiling standalone
Compiling axidma
Compiling gpio
Compiling iic
Compiling axivdma
Compiling devcfg
Compiling dmaps
Compiling emacps
Compiling gpiops
Compiling qspips
Compiling scugic
Compiling scutimer
Compiling scuwdt
Compiling ttcps
Compiling uartps
Compiling usbps
Compiling xadcps
Compiling cpu_cortexa9
Running execs_generate.
Finished building libraries
19:50:11 **** Clean-only build of project petalinux_bsp_0 ****
make -k clean 
rm -rf ps7_cortexa9_1
19:50:12 **** Build of project petalinux_bsp_0 ****
make -k all 
libgen -hw ../xps_proj_hw_platform/system.xml\
       -lp /home/lin/development/petalinux-v2013.10-final/components/edk_user_repository\
       -pe ps7_cortexa9_1 \
       -log libgen.log \
       system.mss
libgen
Xilinx EDK 14.7 Build EDK_P.20131013
Copyright (c) 1995-2012 Xilinx, Inc.  All rights reserved.

Command Line: libgen -hw ../xps_proj_hw_platform/system.xml -lp
/home/lin/development/petalinux-v2013.10-final/components/edk_user_repository
-pe ps7_cortexa9_1 -log libgen.log system.mss 


Staging source files.
Running DRCs.
#-------------------------------------------------
# Top Level BSP DRC for Petalinux...
# Created by: Michal Simek
# version: petalinux_v2_00_a
#-------------------------------------------------
project_folder=/home/lin/Develop/Xilinx_Xps/openhw_pro/xps_proj/SDK/SDK_Export/p
etalinux_bsp_0/ps7_cortexa9_1/libsrc/petalinux_v2_00_a/../../..

BSP name: device-tree_v1_01_a device-tree_v2_1_0.tcl
Calling device-tree_v1_01_a ::drc
#--------------------------------------
# device-tree BSP DRC...
#--------------------------------------

BSP name: uboot_v4_00_c uboot_v2_1_0.tcl
Calling uboot_v4_00_c ::drc
#--------------------------------------
# uboot BSP DRC...
#--------------------------------------

BSP name: linux-kconfig_v1_00_a linux-kconfig_v2_1_0.tcl
Calling linux-kconfig_v1_00_a ::drc
#--------------------------------------
# Linux-Kconfig Kconfig BSP DRC...
#--------------------------------------
Running generate.
project_folder=/home/lin/Develop/Xilinx_Xps/openhw_pro/xps_proj/SDK/SDK_Export/p
etalinux_bsp_0/ps7_cortexa9_1/libsrc/petalinux_v2_00_a/../../..
#--------------------------------------
# Standalone BSP generate...
#--------------------------------------
Standalone BSP standalone_v3_11_a
/opt/Xilinx/14.7/ISE_DS/EDK/sw/lib/bsp/standalone_v3_11_a/src/common ./src/
Calling standalone::generate

BSP name: device-tree_v1_01_a device-tree_v2_1_0.tcl
Calling device-tree_v1_01_a ::generate
#--------------------------------------
# device-tree BSP generate...
#--------------------------------------
--- device tree generator version: v1.1 ---
generating xilinx.dts
Clock Port Summary:
clock_generator_0.CLKOUT0 connected to clock_generator_0_CLKOUT0:
    CLK_FREQ_HZ = 12288135
    CLK_INPORT = 
    CLK_FACTOR = 
clock_generator_0.CLKIN connected to processing_system7_0_FCLK_CLK1:
    CLK_FREQ_HZ = 200000000
clock_generator_0.CLKOUT1 connected to clock_generator_0_CLKOUT1:
    CLK_FREQ_HZ = 12288135
    CLK_INPORT = 
    CLK_FACTOR = 
axi_clkgen_0.S_AXI_ACLK connected to processing_system7_0_FCLK_CLK0:
    CLK_FREQ_HZ = 100000000
axi_clkgen_0.clk connected to axi_clkgen_0_clk:
    CLK_FREQ_HZ = WARNING: no frequency found!
    CLK_INPORT = 
    CLK_FACTOR = 
axi_clkgen_0.ref_clk connected to processing_system7_0_FCLK_CLK2:
    CLK_FREQ_HZ = 200000000
axi_interconnect_1.INTERCONNECT_ACLK connected to
processing_system7_0_FCLK_CLK0:
    CLK_FREQ_HZ = 100000000
axi_interconnect_1.S_AXI_ACLK connected to axi_interconnect_1_S_ACLK:
    CLK_FREQ_HZ = WARNING: no frequency found!
axi_interconnect_1.M_AXI_ACLK connected to axi_interconnect_1_M_ACLK:
    CLK_FREQ_HZ = WARNING: no frequency found!
axi_hdmi_tx_16b_0.S_AXI_ACLK connected to processing_system7_0_FCLK_CLK0:
    CLK_FREQ_HZ = 100000000
axi_hdmi_tx_16b_0.hdmi_ref_clk connected to axi_clkgen_0_clk:
    CLK_FREQ_HZ = WARNING: no frequency found!
axi_hdmi_tx_16b_0.vdma_clk connected to processing_system7_0_FCLK_CLK1:
    CLK_FREQ_HZ = 166666672
axi_i2s_adi_0.S_AXI_ACLK connected to processing_system7_0_FCLK_CLK0:
    CLK_FREQ_HZ = 100000000
axi_i2s_adi_0.BCLK_O connected to axi_i2s_adi_0_BCLK_O:
    CLK_FREQ_HZ = WARNING: no frequency found!
    CLK_INPORT = 
    CLK_FACTOR = 
axi_i2s_adi_0.LRCLK_O connected to axi_i2s_adi_0_LRCLK_O:
    CLK_FREQ_HZ = WARNING: no frequency found!
    CLK_INPORT = 
    CLK_FACTOR = 
axi_i2s_adi_0.ACLK connected to processing_system7_0_FCLK_CLK0:
    CLK_FREQ_HZ = 100000000
axi_i2s_adi_0.M_AXIS_ACLK connected to processing_system7_0_FCLK_CLK0:
    CLK_FREQ_HZ = 100000000
axi_spdif_tx_0.S_AXI_ACLK connected to processing_system7_0_FCLK_CLK0:
    CLK_FREQ_HZ = 100000000
axi_spdif_tx_0.spdif_data_clk connected to clock_generator_0_CLKOUT0:
    CLK_FREQ_HZ = 12288135
axi_spdif_tx_0.ACLK connected to processing_system7_0_FCLK_CLK0:
    CLK_FREQ_HZ = 100000000
axi_dma_i2s.m_axi_sg_aclk connected to processing_system7_0_FCLK_CLK0:
    CLK_FREQ_HZ = 100000000
axi_dma_i2s.m_axi_mm2s_aclk connected to processing_system7_0_FCLK_CLK0:
    CLK_FREQ_HZ = 100000000
axi_dma_i2s.m_axi_s2mm_aclk connected to processing_system7_0_FCLK_CLK0:
    CLK_FREQ_HZ = 100000000
axi_dma_i2s.s_axi_lite_aclk connected to processing_system7_0_FCLK_CLK0:
    CLK_FREQ_HZ = 100000000
axi_interconnect_2.INTERCONNECT_ACLK connected to
processing_system7_0_FCLK_CLK0:
    CLK_FREQ_HZ = 100000000
axi_interconnect_2.S_AXI_ACLK connected to axi_interconnect_2_S_ACLK:
    CLK_FREQ_HZ = WARNING: no frequency found!
axi_interconnect_2.M_AXI_ACLK connected to axi_interconnect_2_M_ACLK:
    CLK_FREQ_HZ = WARNING: no frequency found!
axi_dma_spdif.m_axi_sg_aclk connected to processing_system7_0_FCLK_CLK0:
    CLK_FREQ_HZ = 100000000
axi_dma_spdif.m_axi_mm2s_aclk connected to processing_system7_0_FCLK_CLK0:
    CLK_FREQ_HZ = 100000000
axi_dma_spdif.m_axi_s2mm_aclk connected to processing_system7_0_FCLK_CLK0:
    CLK_FREQ_HZ = 100000000
axi_dma_spdif.s_axi_lite_aclk connected to processing_system7_0_FCLK_CLK0:
    CLK_FREQ_HZ = 100000000
axi_interconnect_3.INTERCONNECT_ACLK connected to
processing_system7_0_FCLK_CLK1:
    CLK_FREQ_HZ = 166666672
axi_interconnect_3.S_AXI_ACLK connected to axi_interconnect_3_S_ACLK:
    CLK_FREQ_HZ = WARNING: no frequency found!
axi_interconnect_3.M_AXI_ACLK connected to axi_interconnect_3_M_ACLK:
    CLK_FREQ_HZ = WARNING: no frequency found!
axi_vdma_0.s_axi_lite_aclk connected to processing_system7_0_FCLK_CLK0:
    CLK_FREQ_HZ = 100000000
axi_vdma_0.m_axi_mm2s_aclk connected to processing_system7_0_FCLK_CLK1:
    CLK_FREQ_HZ = 166666672
axi_vdma_0.m_axi_s2mm_aclk connected to processing_system7_0_FCLK_CLK0:
    CLK_FREQ_HZ = 100000000
axi_vdma_0.m_axis_mm2s_aclk connected to processing_system7_0_FCLK_CLK1:
    CLK_FREQ_HZ = 166666672
axi_gpio_i2s.S_AXI_ACLK connected to processing_system7_0_FCLK_CLK0:
    CLK_FREQ_HZ = 100000000
axi_iic_hdmi.S_AXI_ACLK connected to processing_system7_0_FCLK_CLK0:
    CLK_FREQ_HZ = 100000000
axi_iic_i2s.S_AXI_ACLK connected to processing_system7_0_FCLK_CLK0:
    CLK_FREQ_HZ = 100000000
axi_iic_sensor.S_AXI_ACLK connected to processing_system7_0_FCLK_CLK0:
    CLK_FREQ_HZ = 100000000
ps7_axi_interconnect_0.M_AXI_GP0_ACLK connected to
processing_system7_0_FCLK_CLK0:
    CLK_FREQ_HZ = WARNING: no frequency found!
ps7_axi_interconnect_0.M_AXI_GP1_ACLK connected to
ps7_axi_interconnect_0_M_AXI_GP1_ACLK:
    CLK_FREQ_HZ = WARNING: no frequency found!
ps7_axi_interconnect_0.S_AXI_HP1_ACLK connected to
ps7_axi_interconnect_0_S_AXI_HP1_ACLK:
    CLK_FREQ_HZ = WARNING: no frequency found!
ps7_axi_interconnect_0.S_AXI_ACP_ACLK connected to
ps7_axi_interconnect_0_S_AXI_ACP_ACLK:
    CLK_FREQ_HZ = WARNING: no frequency found!
ps7_axi_interconnect_0.S_AXI_GP1_ACLK connected to
ps7_axi_interconnect_0_S_AXI_GP1_ACLK:
    CLK_FREQ_HZ = WARNING: no frequency found!
ps7_axi_interconnect_0.S_AXI_GP0_ACLK connected to
ps7_axi_interconnect_0_S_AXI_GP0_ACLK:
    CLK_FREQ_HZ = WARNING: no frequency found!
ps7_axi_interconnect_0.S_AXI_HP3_ACLK connected to
ps7_axi_interconnect_0_S_AXI_HP3_ACLK:
    CLK_FREQ_HZ = WARNING: no frequency found!
ps7_axi_interconnect_0.S_AXI_HP2_ACLK connected to
processing_system7_0_FCLK_CLK1:
    CLK_FREQ_HZ = WARNING: no frequency found!
ps7_axi_interconnect_0.S_AXI_HP0_ACLK connected to
processing_system7_0_FCLK_CLK0:
    CLK_FREQ_HZ = WARNING: no frequency found!
ps7_axi_interconnect_0.S_AXI_ACLK connected to ps7_axi_interconnect_0_S_ACLK:
    CLK_FREQ_HZ = WARNING: no frequency found!
ps7_axi_interconnect_0.M_AXI_ACLK connected to ps7_axi_interconnect_0_M_ACLK:
    CLK_FREQ_HZ = WARNING: no frequency found!
IP connected to bus: ps7_axi_interconnect_0
-master M_AXI_DP ps7_axi_interconnect_0 ps7_cortexa9_0
-master M_AXI_DP ps7_axi_interconnect_0 ps7_cortexa9_1
-slave S_AXI ps7_axi_interconnect_0 ps7_uart_1
-slave S_AXI ps7_axi_interconnect_0 ps7_i2c_0
-slave S_AXI ps7_axi_interconnect_0 ps7_afi_0
-slave S_AXI ps7_axi_interconnect_0 ps7_afi_1
-slave S_AXI ps7_axi_interconnect_0 ps7_afi_2
-slave S_AXI ps7_axi_interconnect_0 ps7_afi_3
-slave S_AXI ps7_axi_interconnect_0 ps7_i2c_1
-slave S_AXI ps7_axi_interconnect_0 ps7_sd_0
-slave S_AXI ps7_axi_interconnect_0 ps7_ttc_0
-slave S_AXI ps7_axi_interconnect_0 ps7_ethernet_0
-slave S_AXI ps7_axi_interconnect_0 ps7_usb_0
-slave S_AXI ps7_axi_interconnect_0 ps7_qspi_0
-slave S_AXI ps7_axi_interconnect_0 ps7_qspi_linear_0
-slave S_AXI ps7_axi_interconnect_0 ps7_ddr_0
-slave S_AXI ps7_axi_interconnect_0 ps7_gpio_0
-slave S_AXI ps7_axi_interconnect_0 ps7_ddrc_0
-slave S_AXI ps7_axi_interconnect_0 ps7_dev_cfg_0
-slave S_AXI ps7_axi_interconnect_0 ps7_xadc_0
-slave S_AXI ps7_axi_interconnect_0 ps7_coresight_comp_0
-slave S_AXI ps7_axi_interconnect_0 ps7_ocmc_0
-slave S_AXI ps7_axi_interconnect_0 ps7_gpv_0
-slave S_AXI ps7_axi_interconnect_0 ps7_scuc_0
-slave S_AXI ps7_axi_interconnect_0 ps7_intc_dist_0
-slave S_AXI ps7_axi_interconnect_0 ps7_globaltimer_0
-slave S_AXI ps7_axi_interconnect_0 ps7_l2cachec_0
-slave S_AXI_LITE ps7_axi_interconnect_0 ps7_dma_s
-slave S_AXI ps7_axi_interconnect_0 ps7_iop_bus_config_0
-slave S_AXI ps7_axi_interconnect_0 ps7_ram_0
-slave S_AXI ps7_axi_interconnect_0 ps7_ram_1
-slave S_AXI ps7_axi_interconnect_0 ps7_scugic_0
-slave S_AXI ps7_axi_interconnect_0 ps7_scutimer_0
-slave S_AXI ps7_axi_interconnect_0 ps7_scuwdt_0
-slave S_AXI ps7_axi_interconnect_0 ps7_slcr_0
-slave S_AXI_LITE ps7_axi_interconnect_0 ps7_dma_ns
-slave axi_clkgen_0
-slave axi_dma_i2s
-slave axi_dma_spdif
-slave axi_gpio_i2s
-slave axi_hdmi_tx_16b_0
-slave axi_i2s_adi_0
-slave axi_iic_hdmi
-slave axi_iic_i2s
-slave axi_iic_sensor
-slave axi_spdif_tx_0
-slave axi_vdma_0
-slave ps7_afi_0
IP 70114736 ps7_afi_0 is already appended - skip it
-slave ps7_afi_1
IP 70115136 ps7_afi_1 is already appended - skip it
-slave ps7_afi_2
IP 70115536 ps7_afi_2 is already appended - skip it
-slave ps7_afi_3
IP 70115936 ps7_afi_3 is already appended - skip it
-slave ps7_coresight_comp_0
IP 70121536 ps7_coresight_comp_0 is already appended - skip it
-slave ps7_ddr_0
IP 70119136 ps7_ddr_0 is already appended - skip it
-slave ps7_ddrc_0
IP 70120336 ps7_ddrc_0 is already appended - skip it
-slave ps7_dev_cfg_0
IP 70120736 ps7_dev_cfg_0 is already appended - skip it
-slave ps7_dma_ns
-slave ps7_dma_s
IP 70417808 ps7_dma_s is already appended - skip it
-slave ps7_ethernet_0
IP 70117536 ps7_ethernet_0 is already appended - skip it
-slave ps7_globaltimer_0
IP 70417008 ps7_globaltimer_0 is already appended - skip it
-slave ps7_gpio_0
IP 70119536 ps7_gpio_0 is already appended - skip it
-slave ps7_gpv_0
IP 70415808 ps7_gpv_0 is already appended - skip it
-slave ps7_i2c_0
IP 70114336 ps7_i2c_0 is already appended - skip it
-slave ps7_i2c_1
IP 70116336 ps7_i2c_1 is already appended - skip it
-slave ps7_intc_dist_0
IP 70416608 ps7_intc_dist_0 is already appended - skip it
-slave ps7_iop_bus_config_0
IP 70418208 ps7_iop_bus_config_0 is already appended - skip it
-slave ps7_l2cachec_0
IP 70417408 ps7_l2cachec_0 is already appended - skip it
-slave ps7_ocmc_0
IP 70121936 ps7_ocmc_0 is already appended - skip it
-slave ps7_qspi_0
IP 70118336 ps7_qspi_0 is already appended - skip it
-slave ps7_qspi_linear_0
IP 70118736 ps7_qspi_linear_0 is already appended - skip it
-slave ps7_ram_0
IP 70418608 ps7_ram_0 is already appended - skip it
-slave ps7_ram_1
IP 70419008 ps7_ram_1 is already appended - skip it
-slave ps7_scuc_0
IP 70416208 ps7_scuc_0 is already appended - skip it
-slave ps7_scugic_0
IP 70419408 ps7_scugic_0 is already appended - skip it
-slave ps7_scutimer_0
IP 70419808 ps7_scutimer_0 is already appended - skip it
-slave ps7_scuwdt_0
IP 70420208 ps7_scuwdt_0 is already appended - skip it
-slave ps7_sd_0
IP 70116736 ps7_sd_0 is already appended - skip it
-slave ps7_slcr_0
IP 70420608 ps7_slcr_0 is already appended - skip it
-slave ps7_ttc_0
IP 70117136 ps7_ttc_0 is already appended - skip it
-slave ps7_uart_1
IP 69811584 ps7_uart_1 is already appended - skip it
-slave ps7_usb_0
IP 70117936 ps7_usb_0 is already appended - skip it
-slave ps7_xadc_0
IP 70121136 ps7_xadc_0 is already appended - skip it
ps7_afi_0
ps7_afi_1
ps7_afi_2
ps7_afi_3
ps7_coresight_comp_0
ps7_ocmc_0
ps7_gpv_0
ps7_scuc_0
ps7_intc_dist_0
ps7_globaltimer_0
ps7_l2cachec_0
axi_clkgen_0
axi_i2s_adi_0
axi_spdif_tx_0
axi_hdmi_tx_16b_0
{serial0 aliasref ps7_uart_1 0} {i2c0 aliasref ps7_i2c_0 0} {i2c1 aliasref
ps7_i2c_1 1} {ethernet0 aliasref ps7_ethernet_0 0} {spi0 aliasref ps7_qspi_0 0}
{i2c2 aliasref axi_iic_hdmi 2} {i2c3 aliasref axi_iic_i2s 3} {i2c4 aliasref
axi_iic_sensor 4}

BSP name: uboot_v4_00_c uboot_v2_1_0.tcl
Calling uboot_v4_00_c ::generate
#--------------------------------------
# uboot BSP generate...
#--------------------------------------
Not find correct clock frequency
/* Main Memory is ps7_ddr_0 */
INFO automatic U-BOOT position = 0x1fc00000

BSP name: linux-kconfig_v1_00_a linux-kconfig_v2_1_0.tcl
Calling linux-kconfig_v1_00_a ::generate
#--------------------------------------
# Linux-Kconfig BSP generate...
#--------------------------------------
Running post_generate.
Running include - 'gmake -s include "COMPILER=arm-xilinx-eabi-gcc"
"ARCHIVER=arm-xilinx-eabi-ar" "COMPILER_FLAGS= -O2 -c"
"EXTRA_COMPILER_FLAGS=-g"'.

Running libs - 'gmake -s libs "COMPILER=arm-xilinx-eabi-gcc"
"ARCHIVER=arm-xilinx-eabi-ar" "COMPILER_FLAGS= -O2 -c"
"EXTRA_COMPILER_FLAGS=-g"'.
Compiling common
arm-xilinx-eabi-ar: creating ../../../lib/libxil.a
Compiling standalone
Compiling axidma
Compiling gpio
Compiling iic
Compiling axivdma
Compiling devcfg
Compiling dmaps
Compiling emacps
Compiling gpiops
Compiling qspips
Compiling scugic
Compiling scutimer
Compiling scuwdt
Compiling ttcps
Compiling uartps
Compiling usbps
Compiling xadcps
Compiling cpu_cortexa9
Running execs_generate.
Finished building libraries
19:50:34 **** Clean-only build of project zynq_fsbl_bsp ****
make -k clean 
rm -rf ps7_cortexa9_0
19:50:34 **** Build of project zynq_fsbl_bsp ****
make -k all 
libgen -hw ../xps_proj_hw_platform/system.xml\
       -lp /home/lin/development/petalinux-v2013.10-final/components/edk_user_repository\
       -pe ps7_cortexa9_0 \
       -log libgen.log \
       system.mss
libgen
Xilinx EDK 14.7 Build EDK_P.20131013
Copyright (c) 1995-2012 Xilinx, Inc.  All rights reserved.

Command Line: libgen -hw ../xps_proj_hw_platform/system.xml -lp
/home/lin/development/petalinux-v2013.10-final/components/edk_user_repository
-pe ps7_cortexa9_0 -log libgen.log system.mss 


Staging source files.
Running DRCs.
Running generate.
Running post_generate.
Running include - 'gmake -s include "COMPILER=arm-xilinx-eabi-gcc"
"ARCHIVER=arm-xilinx-eabi-ar" "COMPILER_FLAGS= -O2 -c"
"EXTRA_COMPILER_FLAGS=-g"'.

Running libs - 'gmake -s libs "COMPILER=arm-xilinx-eabi-gcc"
"ARCHIVER=arm-xilinx-eabi-ar" "COMPILER_FLAGS= -O2 -c"
"EXTRA_COMPILER_FLAGS=-g"'.
Compiling common
arm-xilinx-eabi-ar: creating ../../../lib/libxil.a
Compiling standalone
Compiling axidma
Compiling gpio
Compiling iic
Compiling axivdma
Compiling devcfg
Compiling dmaps
Compiling emacps
Compiling gpiops
Compiling qspips
Compiling scugic
Compiling scutimer
Compiling scuwdt
Compiling ttcps
Compiling uartps
Compiling usbps
Compiling xadcps
Compiling cpu_cortexa9
Running execs_generate.
Finished building libraries
19:51:01 **** Auto Build of configuration Debug for project zynq_fsbl ****
make all 
Building file: ../src/ps7_init.c
Invoking: ARM gcc compiler
arm-xilinx-eabi-gcc -Wall -O0 -g3 -c -fmessage-length=0 -I../../zynq_fsbl_bsp/ps7_cortexa9_0/include -MMD -MP -MF"src/ps7_init.d" -MT"src/ps7_init.d" -o "src/ps7_init.o" "../src/ps7_init.c"
Finished building: ../src/ps7_init.c
 
Building target: zynq_fsbl.elf
Invoking: ARM gcc linker
arm-xilinx-eabi-gcc -L"/home/lin/Develop/Xilinx_Xps/openhw_pro/xps_proj/SDK/SDK_Export/zynq_fsbl/src" -Wl,-T -Wl,../src/lscript.ld -L../../zynq_fsbl_bsp/ps7_cortexa9_0/lib -o "zynq_fsbl.elf"  ./src/ddr_init.o ./src/ff.o ./src/fsbl_handoff.o ./src/fsbl_hooks.o ./src/image_mover.o ./src/main.o ./src/md5.o ./src/mmc.o ./src/nand.o ./src/nor.o ./src/pcap.o ./src/ps7_init.o ./src/qspi.o ./src/rsa.o ./src/sd.o   -lrsa -Wl,--start-group,-lxil,-lgcc,-lc,--end-group
Finished building target: zynq_fsbl.elf
 
Invoking: ARM Print Size
arm-xilinx-eabi-size zynq_fsbl.elf  |tee "zynq_fsbl.elf.size"
   text	   data	    bss	    dec	    hex	filename
  69844	  11336	  72500	 153680	  25850	zynq_fsbl.elf
Finished building: zynq_fsbl.elf.size
 
19:51:01 **** Clean-only build of configuration Debug for project zynq_fsbl ****
make clean 
rm -rf  ./src/ddr_init.o ./src/ff.o ./src/fsbl_handoff.o ./src/fsbl_hooks.o ./src/image_mover.o ./src/main.o ./src/md5.o ./src/mmc.o ./src/nand.o ./src/nor.o ./src/pcap.o ./src/ps7_init.o ./src/qspi.o ./src/rsa.o ./src/sd.o  ./src/ddr_init.d ./src/ff.d ./src/fsbl_hooks.d ./src/image_mover.d ./src/main.d ./src/md5.d ./src/mmc.d ./src/nand.d ./src/nor.d ./src/pcap.d ./src/ps7_init.d ./src/qspi.d ./src/rsa.d ./src/sd.d  zynq_fsbl.elf.size  ./src/fsbl_handoff.d  zynq_fsbl.elf
 
19:51:04 **** Build of configuration Debug for project zynq_fsbl ****
make all 
Building file: ../src/ddr_init.c
Invoking: ARM gcc compiler
arm-xilinx-eabi-gcc -Wall -O0 -g3 -c -fmessage-length=0 -I../../zynq_fsbl_bsp/ps7_cortexa9_0/include -MMD -MP -MF"src/ddr_init.d" -MT"src/ddr_init.d" -o "src/ddr_init.o" "../src/ddr_init.c"
Finished building: ../src/ddr_init.c
 
Building file: ../src/ff.c
Invoking: ARM gcc compiler
arm-xilinx-eabi-gcc -Wall -O0 -g3 -c -fmessage-length=0 -I../../zynq_fsbl_bsp/ps7_cortexa9_0/include -MMD -MP -MF"src/ff.d" -MT"src/ff.d" -o "src/ff.o" "../src/ff.c"
Finished building: ../src/ff.c
 
Building file: ../src/fsbl_handoff.S
Invoking: ARM gcc compiler
arm-xilinx-eabi-gcc -Wall -O0 -g3 -c -fmessage-length=0 -I../../zynq_fsbl_bsp/ps7_cortexa9_0/include -MMD -MP -MF"src/fsbl_handoff.d" -MT"src/fsbl_handoff.d" -o "src/fsbl_handoff.o" "../src/fsbl_handoff.S"
Finished building: ../src/fsbl_handoff.S
 
Building file: ../src/fsbl_hooks.c
Invoking: ARM gcc compiler
arm-xilinx-eabi-gcc -Wall -O0 -g3 -c -fmessage-length=0 -I../../zynq_fsbl_bsp/ps7_cortexa9_0/include -MMD -MP -MF"src/fsbl_hooks.d" -MT"src/fsbl_hooks.d" -o "src/fsbl_hooks.o" "../src/fsbl_hooks.c"
Finished building: ../src/fsbl_hooks.c
 
Building file: ../src/image_mover.c
Invoking: ARM gcc compiler
arm-xilinx-eabi-gcc -Wall -O0 -g3 -c -fmessage-length=0 -I../../zynq_fsbl_bsp/ps7_cortexa9_0/include -MMD -MP -MF"src/image_mover.d" -MT"src/image_mover.d" -o "src/image_mover.o" "../src/image_mover.c"
Finished building: ../src/image_mover.c
 
Building file: ../src/main.c
Invoking: ARM gcc compiler
arm-xilinx-eabi-gcc -Wall -O0 -g3 -c -fmessage-length=0 -I../../zynq_fsbl_bsp/ps7_cortexa9_0/include -MMD -MP -MF"src/main.d" -MT"src/main.d" -o "src/main.o" "../src/main.c"
Finished building: ../src/main.c
 
Building file: ../src/md5.c
Invoking: ARM gcc compiler
arm-xilinx-eabi-gcc -Wall -O0 -g3 -c -fmessage-length=0 -I../../zynq_fsbl_bsp/ps7_cortexa9_0/include -MMD -MP -MF"src/md5.d" -MT"src/md5.d" -o "src/md5.o" "../src/md5.c"
Finished building: ../src/md5.c
 
Building file: ../src/mmc.c
Invoking: ARM gcc compiler
arm-xilinx-eabi-gcc -Wall -O0 -g3 -c -fmessage-length=0 -I../../zynq_fsbl_bsp/ps7_cortexa9_0/include -MMD -MP -MF"src/mmc.d" -MT"src/mmc.d" -o "src/mmc.o" "../src/mmc.c"
Finished building: ../src/mmc.c
 
Building file: ../src/nand.c
Invoking: ARM gcc compiler
arm-xilinx-eabi-gcc -Wall -O0 -g3 -c -fmessage-length=0 -I../../zynq_fsbl_bsp/ps7_cortexa9_0/include -MMD -MP -MF"src/nand.d" -MT"src/nand.d" -o "src/nand.o" "../src/nand.c"
Finished building: ../src/nand.c
 
Building file: ../src/nor.c
Invoking: ARM gcc compiler
arm-xilinx-eabi-gcc -Wall -O0 -g3 -c -fmessage-length=0 -I../../zynq_fsbl_bsp/ps7_cortexa9_0/include -MMD -MP -MF"src/nor.d" -MT"src/nor.d" -o "src/nor.o" "../src/nor.c"
Finished building: ../src/nor.c
 
Building file: ../src/pcap.c
Invoking: ARM gcc compiler
arm-xilinx-eabi-gcc -Wall -O0 -g3 -c -fmessage-length=0 -I../../zynq_fsbl_bsp/ps7_cortexa9_0/include -MMD -MP -MF"src/pcap.d" -MT"src/pcap.d" -o "src/pcap.o" "../src/pcap.c"
Finished building: ../src/pcap.c
 
Building file: ../src/ps7_init.c
Invoking: ARM gcc compiler
arm-xilinx-eabi-gcc -Wall -O0 -g3 -c -fmessage-length=0 -I../../zynq_fsbl_bsp/ps7_cortexa9_0/include -MMD -MP -MF"src/ps7_init.d" -MT"src/ps7_init.d" -o "src/ps7_init.o" "../src/ps7_init.c"
Finished building: ../src/ps7_init.c
 
Building file: ../src/qspi.c
Invoking: ARM gcc compiler
arm-xilinx-eabi-gcc -Wall -O0 -g3 -c -fmessage-length=0 -I../../zynq_fsbl_bsp/ps7_cortexa9_0/include -MMD -MP -MF"src/qspi.d" -MT"src/qspi.d" -o "src/qspi.o" "../src/qspi.c"
Finished building: ../src/qspi.c
 
Building file: ../src/rsa.c
Invoking: ARM gcc compiler
arm-xilinx-eabi-gcc -Wall -O0 -g3 -c -fmessage-length=0 -I../../zynq_fsbl_bsp/ps7_cortexa9_0/include -MMD -MP -MF"src/rsa.d" -MT"src/rsa.d" -o "src/rsa.o" "../src/rsa.c"
Finished building: ../src/rsa.c
 
Building file: ../src/sd.c
Invoking: ARM gcc compiler
arm-xilinx-eabi-gcc -Wall -O0 -g3 -c -fmessage-length=0 -I../../zynq_fsbl_bsp/ps7_cortexa9_0/include -MMD -MP -MF"src/sd.d" -MT"src/sd.d" -o "src/sd.o" "../src/sd.c"
Finished building: ../src/sd.c
 
Building target: zynq_fsbl.elf
Invoking: ARM gcc linker
arm-xilinx-eabi-gcc -L"/home/lin/Develop/Xilinx_Xps/openhw_pro/xps_proj/SDK/SDK_Export/zynq_fsbl/src" -Wl,-T -Wl,../src/lscript.ld -L../../zynq_fsbl_bsp/ps7_cortexa9_0/lib -o "zynq_fsbl.elf"  ./src/ddr_init.o ./src/ff.o ./src/fsbl_handoff.o ./src/fsbl_hooks.o ./src/image_mover.o ./src/main.o ./src/md5.o ./src/mmc.o ./src/nand.o ./src/nor.o ./src/pcap.o ./src/ps7_init.o ./src/qspi.o ./src/rsa.o ./src/sd.o   -lrsa -Wl,--start-group,-lxil,-lgcc,-lc,--end-group
Finished building target: zynq_fsbl.elf
 
Invoking: ARM Print Size
arm-xilinx-eabi-size zynq_fsbl.elf  |tee "zynq_fsbl.elf.size"
   text	   data	    bss	    dec	    hex	filename
  69844	  11336	  72500	 153680	  25850	zynq_fsbl.elf
Finished building: zynq_fsbl.elf.size
 
19:03:58 **** Clean-only build of project zynq_fsbl_bsp ****
make -k clean 
rm -rf ps7_cortexa9_0
19:04:00 **** Build of project petalinux_bsp_0 ****
make -k all 
Finished building libraries
19:04:00 **** Build of project zynq_fsbl_bsp ****
make -k all 
libgen -hw ../xps_proj_hw_platform/system.xml\
       -lp /home/lin/development/petalinux-v2013.10-final/components/edk_user_repository\
       -pe ps7_cortexa9_0 \
       -log libgen.log \
       system.mss
libgen
Xilinx EDK 14.7 Build EDK_P.20131013
Copyright (c) 1995-2012 Xilinx, Inc.  All rights reserved.

Command Line: libgen -hw ../xps_proj_hw_platform/system.xml -lp
/home/lin/development/petalinux-v2013.10-final/components/edk_user_repository
-pe ps7_cortexa9_0 -log libgen.log system.mss 


Staging source files.
Running DRCs.
Running generate.
Running post_generate.
Running include - 'gmake -s include "COMPILER=arm-xilinx-eabi-gcc"
"ARCHIVER=arm-xilinx-eabi-ar" "COMPILER_FLAGS= -O2 -c"
"EXTRA_COMPILER_FLAGS=-g"'.

Running libs - 'gmake -s libs "COMPILER=arm-xilinx-eabi-gcc"
"ARCHIVER=arm-xilinx-eabi-ar" "COMPILER_FLAGS= -O2 -c"
"EXTRA_COMPILER_FLAGS=-g"'.
Compiling common
arm-xilinx-eabi-ar: creating ../../../lib/libxil.a
Compiling standalone
Compiling axidma
Compiling gpio
Compiling iic
Compiling axivdma
Compiling devcfg
Compiling dmaps
Compiling emacps
Compiling gpiops
Compiling qspips
Compiling scugic
Compiling scutimer
Compiling scuwdt
Compiling ttcps
Compiling uartps
Compiling usbps
Compiling xadcps
Compiling cpu_cortexa9
Running execs_generate.
Finished building libraries
19:04:51 **** Build of configuration Debug for project zynq_fsbl ****
make all 
make: 对“all”无需做任何事。
19:14:22 **** Clean-only build of project zynq_fsbl_bsp ****
make -k clean 
rm -rf ps7_cortexa9_0
19:14:23 **** Build of project zynq_fsbl_bsp ****
make -k all 
libgen -hw ../xps_proj_hw_platform/system.xml\
       -lp /home/lin/development/petalinux-v2013.10-final/components/edk_user_repository\
       -pe ps7_cortexa9_0 \
       -log libgen.log \
       system.mss
libgen
Xilinx EDK 14.7 Build EDK_P.20131013
Copyright (c) 1995-2012 Xilinx, Inc.  All rights reserved.

Command Line: libgen -hw ../xps_proj_hw_platform/system.xml -lp
/home/lin/development/petalinux-v2013.10-final/components/edk_user_repository
-pe ps7_cortexa9_0 -log libgen.log system.mss 


Staging source files.
Running DRCs.
Running generate.
Running post_generate.
Running include - 'gmake -s include "COMPILER=arm-xilinx-eabi-gcc"
"ARCHIVER=arm-xilinx-eabi-ar" "COMPILER_FLAGS= -O2 -c"
"EXTRA_COMPILER_FLAGS=-g"'.

Running libs - 'gmake -s libs "COMPILER=arm-xilinx-eabi-gcc"
"ARCHIVER=arm-xilinx-eabi-ar" "COMPILER_FLAGS= -O2 -c"
"EXTRA_COMPILER_FLAGS=-g"'.
Compiling common
arm-xilinx-eabi-ar: creating ../../../lib/libxil.a
Compiling standalone
Compiling axidma
Compiling gpio
Compiling iic
Compiling axivdma
Compiling devcfg
Compiling dmaps
Compiling emacps
Compiling gpiops
Compiling qspips
Compiling scugic
Compiling scutimer
Compiling scuwdt
Compiling ttcps
Compiling uartps
Compiling usbps
Compiling xadcps
Compiling cpu_cortexa9
Running execs_generate.
Finished building libraries
19:14:45 **** Auto Build of configuration Debug for project zynq_fsbl ****
make all 
make: 对“all”无需做任何事。
19:15:10 **** Clean-only build of project petalinux_bsp_0 ****
make -k clean 
rm -rf ps7_cortexa9_1
19:15:10 **** Build of project petalinux_bsp_0 ****
make -k all 
libgen -hw ../xps_proj_hw_platform/system.xml\
       -lp /home/lin/development/petalinux-v2013.10-final/components/edk_user_repository\
       -pe ps7_cortexa9_1 \
       -log libgen.log \
       system.mss
libgen
Xilinx EDK 14.7 Build EDK_P.20131013
Copyright (c) 1995-2012 Xilinx, Inc.  All rights reserved.

Command Line: libgen -hw ../xps_proj_hw_platform/system.xml -lp
/home/lin/development/petalinux-v2013.10-final/components/edk_user_repository
-pe ps7_cortexa9_1 -log libgen.log system.mss 


Staging source files.
Running DRCs.
#-------------------------------------------------
# Top Level BSP DRC for Petalinux...
# Created by: Michal Simek
# version: petalinux_v2_00_a
#-------------------------------------------------
project_folder=/home/lin/Develop/Xilinx_Xps/openhw_pro/xps_proj/SDK/SDK_Export/p
etalinux_bsp_0/ps7_cortexa9_1/libsrc/petalinux_v2_00_a/../../..

BSP name: device-tree_v1_01_a device-tree_v2_1_0.tcl
Calling device-tree_v1_01_a ::drc
#--------------------------------------
# device-tree BSP DRC...
#--------------------------------------

BSP name: uboot_v4_00_c uboot_v2_1_0.tcl
Calling uboot_v4_00_c ::drc
#--------------------------------------
# uboot BSP DRC...
#--------------------------------------

BSP name: linux-kconfig_v1_00_a linux-kconfig_v2_1_0.tcl
Calling linux-kconfig_v1_00_a ::drc
#--------------------------------------
# Linux-Kconfig Kconfig BSP DRC...
#--------------------------------------
Running generate.
project_folder=/home/lin/Develop/Xilinx_Xps/openhw_pro/xps_proj/SDK/SDK_Export/p
etalinux_bsp_0/ps7_cortexa9_1/libsrc/petalinux_v2_00_a/../../..
#--------------------------------------
# Standalone BSP generate...
#--------------------------------------
Standalone BSP standalone_v3_11_a
/opt/Xilinx/14.7/ISE_DS/EDK/sw/lib/bsp/standalone_v3_11_a/src/common ./src/
Calling standalone::generate

BSP name: device-tree_v1_01_a device-tree_v2_1_0.tcl
Calling device-tree_v1_01_a ::generate
#--------------------------------------
# device-tree BSP generate...
#--------------------------------------
--- device tree generator version: v1.1 ---
generating xilinx.dts
Clock Port Summary:
clock_generator_0.CLKOUT0 connected to clock_generator_0_CLKOUT0:
    CLK_FREQ_HZ = 12288135
    CLK_INPORT = 
    CLK_FACTOR = 
clock_generator_0.CLKIN connected to processing_system7_0_FCLK_CLK1:
    CLK_FREQ_HZ = 200000000
clock_generator_0.CLKOUT1 connected to clock_generator_0_CLKOUT1:
    CLK_FREQ_HZ = 12288135
    CLK_INPORT = 
    CLK_FACTOR = 
axi_clkgen_0.S_AXI_ACLK connected to processing_system7_0_FCLK_CLK0:
    CLK_FREQ_HZ = 100000000
axi_clkgen_0.clk connected to axi_clkgen_0_clk:
    CLK_FREQ_HZ = WARNING: no frequency found!
    CLK_INPORT = 
    CLK_FACTOR = 
axi_clkgen_0.ref_clk connected to processing_system7_0_FCLK_CLK2:
    CLK_FREQ_HZ = 200000000
axi_interconnect_1.INTERCONNECT_ACLK connected to
processing_system7_0_FCLK_CLK0:
    CLK_FREQ_HZ = 100000000
axi_interconnect_1.S_AXI_ACLK connected to axi_interconnect_1_S_ACLK:
    CLK_FREQ_HZ = WARNING: no frequency found!
axi_interconnect_1.M_AXI_ACLK connected to axi_interconnect_1_M_ACLK:
    CLK_FREQ_HZ = WARNING: no frequency found!
axi_hdmi_tx_16b_0.S_AXI_ACLK connected to processing_system7_0_FCLK_CLK0:
    CLK_FREQ_HZ = 100000000
axi_hdmi_tx_16b_0.hdmi_ref_clk connected to axi_clkgen_0_clk:
    CLK_FREQ_HZ = WARNING: no frequency found!
axi_hdmi_tx_16b_0.vdma_clk connected to processing_system7_0_FCLK_CLK1:
    CLK_FREQ_HZ = 166666672
axi_i2s_adi_0.S_AXI_ACLK connected to processing_system7_0_FCLK_CLK0:
    CLK_FREQ_HZ = 100000000
axi_i2s_adi_0.BCLK_O connected to axi_i2s_adi_0_BCLK_O:
    CLK_FREQ_HZ = WARNING: no frequency found!
    CLK_INPORT = 
    CLK_FACTOR = 
axi_i2s_adi_0.LRCLK_O connected to axi_i2s_adi_0_LRCLK_O:
    CLK_FREQ_HZ = WARNING: no frequency found!
    CLK_INPORT = 
    CLK_FACTOR = 
axi_i2s_adi_0.ACLK connected to processing_system7_0_FCLK_CLK0:
    CLK_FREQ_HZ = 100000000
axi_i2s_adi_0.M_AXIS_ACLK connected to processing_system7_0_FCLK_CLK0:
    CLK_FREQ_HZ = 100000000
axi_spdif_tx_0.S_AXI_ACLK connected to processing_system7_0_FCLK_CLK0:
    CLK_FREQ_HZ = 100000000
axi_spdif_tx_0.spdif_data_clk connected to clock_generator_0_CLKOUT0:
    CLK_FREQ_HZ = 12288135
axi_spdif_tx_0.ACLK connected to processing_system7_0_FCLK_CLK0:
    CLK_FREQ_HZ = 100000000
axi_dma_i2s.m_axi_sg_aclk connected to processing_system7_0_FCLK_CLK0:
    CLK_FREQ_HZ = 100000000
axi_dma_i2s.m_axi_mm2s_aclk connected to processing_system7_0_FCLK_CLK0:
    CLK_FREQ_HZ = 100000000
axi_dma_i2s.m_axi_s2mm_aclk connected to processing_system7_0_FCLK_CLK0:
    CLK_FREQ_HZ = 100000000
axi_dma_i2s.s_axi_lite_aclk connected to processing_system7_0_FCLK_CLK0:
    CLK_FREQ_HZ = 100000000
axi_interconnect_2.INTERCONNECT_ACLK connected to
processing_system7_0_FCLK_CLK0:
    CLK_FREQ_HZ = 100000000
axi_interconnect_2.S_AXI_ACLK connected to axi_interconnect_2_S_ACLK:
    CLK_FREQ_HZ = WARNING: no frequency found!
axi_interconnect_2.M_AXI_ACLK connected to axi_interconnect_2_M_ACLK:
    CLK_FREQ_HZ = WARNING: no frequency found!
axi_dma_spdif.m_axi_sg_aclk connected to processing_system7_0_FCLK_CLK0:
    CLK_FREQ_HZ = 100000000
axi_dma_spdif.m_axi_mm2s_aclk connected to processing_system7_0_FCLK_CLK0:
    CLK_FREQ_HZ = 100000000
axi_dma_spdif.m_axi_s2mm_aclk connected to processing_system7_0_FCLK_CLK0:
    CLK_FREQ_HZ = 100000000
axi_dma_spdif.s_axi_lite_aclk connected to processing_system7_0_FCLK_CLK0:
    CLK_FREQ_HZ = 100000000
axi_interconnect_3.INTERCONNECT_ACLK connected to
processing_system7_0_FCLK_CLK1:
    CLK_FREQ_HZ = 166666672
axi_interconnect_3.S_AXI_ACLK connected to axi_interconnect_3_S_ACLK:
    CLK_FREQ_HZ = WARNING: no frequency found!
axi_interconnect_3.M_AXI_ACLK connected to axi_interconnect_3_M_ACLK:
    CLK_FREQ_HZ = WARNING: no frequency found!
axi_vdma_0.s_axi_lite_aclk connected to processing_system7_0_FCLK_CLK0:
    CLK_FREQ_HZ = 100000000
axi_vdma_0.m_axi_mm2s_aclk connected to processing_system7_0_FCLK_CLK1:
    CLK_FREQ_HZ = 166666672
axi_vdma_0.m_axi_s2mm_aclk connected to processing_system7_0_FCLK_CLK0:
    CLK_FREQ_HZ = 100000000
axi_vdma_0.m_axis_mm2s_aclk connected to processing_system7_0_FCLK_CLK1:
    CLK_FREQ_HZ = 166666672
[...]
axi_iic_sensor 4}

BSP name: uboot_v4_00_c uboot_v2_1_0.tcl
Calling uboot_v4_00_c ::generate
#--------------------------------------
# uboot BSP generate...
#--------------------------------------
Not find correct clock frequency
/* Main Memory is ps7_ddr_0 */
INFO automatic U-BOOT position = 0x1fc00000

BSP name: linux-kconfig_v1_00_a linux-kconfig_v2_1_0.tcl
Calling linux-kconfig_v1_00_a ::generate
#--------------------------------------
# Linux-Kconfig BSP generate...
#--------------------------------------
Running post_generate.
Running include - 'gmake -s include "COMPILER=arm-xilinx-eabi-gcc"
"ARCHIVER=arm-xilinx-eabi-ar" "COMPILER_FLAGS= -O2 -c"
"EXTRA_COMPILER_FLAGS=-g"'.

Running libs - 'gmake -s libs "COMPILER=arm-xilinx-eabi-gcc"
"ARCHIVER=arm-xilinx-eabi-ar" "COMPILER_FLAGS= -O2 -c"
"EXTRA_COMPILER_FLAGS=-g"'.
Compiling common
arm-xilinx-eabi-ar: creating ../../../lib/libxil.a
Compiling standalone
Compiling axidma
Compiling gpio
Compiling iic
Compiling axivdma
Compiling devcfg
Compiling dmaps
Compiling emacps
Compiling gpiops
Compiling iicps
Compiling qspips
Compiling scugic
Compiling scutimer
Compiling scuwdt
Compiling ttcps
Compiling uartps
Compiling usbps
Compiling xadcps
Compiling cpu_cortexa9
Running execs_generate.
Finished building libraries
19:16:33 **** Build of configuration Debug for project zynqfsbl ****
make all 
Building file: ../src/ddr_init.c
Invoking: ARM gcc compiler
arm-xilinx-eabi-gcc -Wall -O0 -g3 -c -fmessage-length=0 -I../../zynq_fsbl_bsp/ps7_cortexa9_0/include -MMD -MP -MF"src/ddr_init.d" -MT"src/ddr_init.d" -o "src/ddr_init.o" "../src/ddr_init.c"
Finished building: ../src/ddr_init.c
 
Building file: ../src/ff.c
Invoking: ARM gcc compiler
arm-xilinx-eabi-gcc -Wall -O0 -g3 -c -fmessage-length=0 -I../../zynq_fsbl_bsp/ps7_cortexa9_0/include -MMD -MP -MF"src/ff.d" -MT"src/ff.d" -o "src/ff.o" "../src/ff.c"
Finished building: ../src/ff.c
 
Building file: ../src/fsbl_handoff.S
Invoking: ARM gcc compiler
arm-xilinx-eabi-gcc -Wall -O0 -g3 -c -fmessage-length=0 -I../../zynq_fsbl_bsp/ps7_cortexa9_0/include -MMD -MP -MF"src/fsbl_handoff.d" -MT"src/fsbl_handoff.d" -o "src/fsbl_handoff.o" "../src/fsbl_handoff.S"
Finished building: ../src/fsbl_handoff.S
 
Building file: ../src/fsbl_hooks.c
Invoking: ARM gcc compiler
arm-xilinx-eabi-gcc -Wall -O0 -g3 -c -fmessage-length=0 -I../../zynq_fsbl_bsp/ps7_cortexa9_0/include -MMD -MP -MF"src/fsbl_hooks.d" -MT"src/fsbl_hooks.d" -o "src/fsbl_hooks.o" "../src/fsbl_hooks.c"
Finished building: ../src/fsbl_hooks.c
 
Building file: ../src/image_mover.c
Invoking: ARM gcc compiler
arm-xilinx-eabi-gcc -Wall -O0 -g3 -c -fmessage-length=0 -I../../zynq_fsbl_bsp/ps7_cortexa9_0/include -MMD -MP -MF"src/image_mover.d" -MT"src/image_mover.d" -o "src/image_mover.o" "../src/image_mover.c"
Finished building: ../src/image_mover.c
 
Building file: ../src/main.c
Invoking: ARM gcc compiler
arm-xilinx-eabi-gcc -Wall -O0 -g3 -c -fmessage-length=0 -I../../zynq_fsbl_bsp/ps7_cortexa9_0/include -MMD -MP -MF"src/main.d" -MT"src/main.d" -o "src/main.o" "../src/main.c"
Finished building: ../src/main.c
 
Building file: ../src/md5.c
Invoking: ARM gcc compiler
arm-xilinx-eabi-gcc -Wall -O0 -g3 -c -fmessage-length=0 -I../../zynq_fsbl_bsp/ps7_cortexa9_0/include -MMD -MP -MF"src/md5.d" -MT"src/md5.d" -o "src/md5.o" "../src/md5.c"
Finished building: ../src/md5.c
 
Building file: ../src/mmc.c
Invoking: ARM gcc compiler
arm-xilinx-eabi-gcc -Wall -O0 -g3 -c -fmessage-length=0 -I../../zynq_fsbl_bsp/ps7_cortexa9_0/include -MMD -MP -MF"src/mmc.d" -MT"src/mmc.d" -o "src/mmc.o" "../src/mmc.c"
Finished building: ../src/mmc.c
 
Building file: ../src/nand.c
Invoking: ARM gcc compiler
arm-xilinx-eabi-gcc -Wall -O0 -g3 -c -fmessage-length=0 -I../../zynq_fsbl_bsp/ps7_cortexa9_0/include -MMD -MP -MF"src/nand.d" -MT"src/nand.d" -o "src/nand.o" "../src/nand.c"
Finished building: ../src/nand.c
 
Building file: ../src/nor.c
Invoking: ARM gcc compiler
arm-xilinx-eabi-gcc -Wall -O0 -g3 -c -fmessage-length=0 -I../../zynq_fsbl_bsp/ps7_cortexa9_0/include -MMD -MP -MF"src/nor.d" -MT"src/nor.d" -o "src/nor.o" "../src/nor.c"
Finished building: ../src/nor.c
 
Building file: ../src/pcap.c
Invoking: ARM gcc compiler
arm-xilinx-eabi-gcc -Wall -O0 -g3 -c -fmessage-length=0 -I../../zynq_fsbl_bsp/ps7_cortexa9_0/include -MMD -MP -MF"src/pcap.d" -MT"src/pcap.d" -o "src/pcap.o" "../src/pcap.c"
Finished building: ../src/pcap.c
 
Building file: ../src/ps7_init.c
Invoking: ARM gcc compiler
arm-xilinx-eabi-gcc -Wall -O0 -g3 -c -fmessage-length=0 -I../../zynq_fsbl_bsp/ps7_cortexa9_0/include -MMD -MP -MF"src/ps7_init.d" -MT"src/ps7_init.d" -o "src/ps7_init.o" "../src/ps7_init.c"
Finished building: ../src/ps7_init.c
 
Building file: ../src/qspi.c
Invoking: ARM gcc compiler
arm-xilinx-eabi-gcc -Wall -O0 -g3 -c -fmessage-length=0 -I../../zynq_fsbl_bsp/ps7_cortexa9_0/include -MMD -MP -MF"src/qspi.d" -MT"src/qspi.d" -o "src/qspi.o" "../src/qspi.c"
Finished building: ../src/qspi.c
 
Building file: ../src/rsa.c
Invoking: ARM gcc compiler
arm-xilinx-eabi-gcc -Wall -O0 -g3 -c -fmessage-length=0 -I../../zynq_fsbl_bsp/ps7_cortexa9_0/include -MMD -MP -MF"src/rsa.d" -MT"src/rsa.d" -o "src/rsa.o" "../src/rsa.c"
Finished building: ../src/rsa.c
 
Building file: ../src/sd.c
Invoking: ARM gcc compiler
arm-xilinx-eabi-gcc -Wall -O0 -g3 -c -fmessage-length=0 -I../../zynq_fsbl_bsp/ps7_cortexa9_0/include -MMD -MP -MF"src/sd.d" -MT"src/sd.d" -o "src/sd.o" "../src/sd.c"
Finished building: ../src/sd.c
 
Building target: zynqfsbl.elf
Invoking: ARM gcc linker
arm-xilinx-eabi-gcc -L"/home/lin/Develop/Xilinx_Xps/openhw_pro/xps_proj/SDK/SDK_Export/zynqfsbl/src" -Wl,-T -Wl,../src/lscript.ld -L../../zynq_fsbl_bsp/ps7_cortexa9_0/lib -o "zynqfsbl.elf"  ./src/ddr_init.o ./src/ff.o ./src/fsbl_handoff.o ./src/fsbl_hooks.o ./src/image_mover.o ./src/main.o ./src/md5.o ./src/mmc.o ./src/nand.o ./src/nor.o ./src/pcap.o ./src/ps7_init.o ./src/qspi.o ./src/rsa.o ./src/sd.o   -lrsa -Wl,--start-group,-lxil,-lgcc,-lc,--end-group
Finished building target: zynqfsbl.elf
 
Invoking: ARM Print Size
arm-xilinx-eabi-size zynqfsbl.elf  |tee "zynqfsbl.elf.size"
   text	   data	    bss	    dec	    hex	filename
  69844	  11336	  72500	 153680	  25850	zynqfsbl.elf
Finished building: zynqfsbl.elf.size
 
09:37:45 **** Incremental Build of configuration Debug for project zynq_fsbl ****
make all 
make: 对“all”无需做任何事。
09:37:47 **** Clean-only build of configuration Debug for project zynqfsbl ****
make clean 
rm -rf  ./src/ddr_init.o ./src/ff.o ./src/fsbl_handoff.o ./src/fsbl_hooks.o ./src/image_mover.o ./src/main.o ./src/md5.o ./src/mmc.o ./src/nand.o ./src/nor.o ./src/pcap.o ./src/ps7_init.o ./src/qspi.o ./src/rsa.o ./src/sd.o  ./src/ddr_init.d ./src/ff.d ./src/fsbl_hooks.d ./src/image_mover.d ./src/main.d ./src/md5.d ./src/mmc.d ./src/nand.d ./src/nor.d ./src/pcap.d ./src/ps7_init.d ./src/qspi.d ./src/rsa.d ./src/sd.d  zynqfsbl.elf.size  ./src/fsbl_handoff.d  zynqfsbl.elf
 
09:37:47 **** Incremental Build of configuration Debug for project zynqfsbl ****
make all 
Building file: ../src/ddr_init.c
Invoking: ARM gcc compiler
arm-xilinx-eabi-gcc -Wall -O0 -g3 -c -fmessage-length=0 -I../../zynq_fsbl_bsp/ps7_cortexa9_0/include -MMD -MP -MF"src/ddr_init.d" -MT"src/ddr_init.d" -o "src/ddr_init.o" "../src/ddr_init.c"
Finished building: ../src/ddr_init.c
 
Building file: ../src/ff.c
Invoking: ARM gcc compiler
arm-xilinx-eabi-gcc -Wall -O0 -g3 -c -fmessage-length=0 -I../../zynq_fsbl_bsp/ps7_cortexa9_0/include -MMD -MP -MF"src/ff.d" -MT"src/ff.d" -o "src/ff.o" "../src/ff.c"
Finished building: ../src/ff.c
 
Building file: ../src/fsbl_handoff.S
Invoking: ARM gcc compiler
arm-xilinx-eabi-gcc -Wall -O0 -g3 -c -fmessage-length=0 -I../../zynq_fsbl_bsp/ps7_cortexa9_0/include -MMD -MP -MF"src/fsbl_handoff.d" -MT"src/fsbl_handoff.d" -o "src/fsbl_handoff.o" "../src/fsbl_handoff.S"
Finished building: ../src/fsbl_handoff.S
 
Building file: ../src/fsbl_hooks.c
Invoking: ARM gcc compiler
arm-xilinx-eabi-gcc -Wall -O0 -g3 -c -fmessage-length=0 -I../../zynq_fsbl_bsp/ps7_cortexa9_0/include -MMD -MP -MF"src/fsbl_hooks.d" -MT"src/fsbl_hooks.d" -o "src/fsbl_hooks.o" "../src/fsbl_hooks.c"
Finished building: ../src/fsbl_hooks.c
 
Building file: ../src/image_mover.c
Invoking: ARM gcc compiler
arm-xilinx-eabi-gcc -Wall -O0 -g3 -c -fmessage-length=0 -I../../zynq_fsbl_bsp/ps7_cortexa9_0/include -MMD -MP -MF"src/image_mover.d" -MT"src/image_mover.d" -o "src/image_mover.o" "../src/image_mover.c"
Finished building: ../src/image_mover.c
 
Building file: ../src/main.c
Invoking: ARM gcc compiler
arm-xilinx-eabi-gcc -Wall -O0 -g3 -c -fmessage-length=0 -I../../zynq_fsbl_bsp/ps7_cortexa9_0/include -MMD -MP -MF"src/main.d" -MT"src/main.d" -o "src/main.o" "../src/main.c"
Finished building: ../src/main.c
 
Building file: ../src/md5.c
Invoking: ARM gcc compiler
arm-xilinx-eabi-gcc -Wall -O0 -g3 -c -fmessage-length=0 -I../../zynq_fsbl_bsp/ps7_cortexa9_0/include -MMD -MP -MF"src/md5.d" -MT"src/md5.d" -o "src/md5.o" "../src/md5.c"
Finished building: ../src/md5.c
 
Building file: ../src/mmc.c
Invoking: ARM gcc compiler
arm-xilinx-eabi-gcc -Wall -O0 -g3 -c -fmessage-length=0 -I../../zynq_fsbl_bsp/ps7_cortexa9_0/include -MMD -MP -MF"src/mmc.d" -MT"src/mmc.d" -o "src/mmc.o" "../src/mmc.c"
Finished building: ../src/mmc.c
 
Building file: ../src/nand.c
Invoking: ARM gcc compiler
arm-xilinx-eabi-gcc -Wall -O0 -g3 -c -fmessage-length=0 -I../../zynq_fsbl_bsp/ps7_cortexa9_0/include -MMD -MP -MF"src/nand.d" -MT"src/nand.d" -o "src/nand.o" "../src/nand.c"
Finished building: ../src/nand.c
 
Building file: ../src/nor.c
Invoking: ARM gcc compiler
arm-xilinx-eabi-gcc -Wall -O0 -g3 -c -fmessage-length=0 -I../../zynq_fsbl_bsp/ps7_cortexa9_0/include -MMD -MP -MF"src/nor.d" -MT"src/nor.d" -o "src/nor.o" "../src/nor.c"
Finished building: ../src/nor.c
 
Building file: ../src/pcap.c
Invoking: ARM gcc compiler
arm-xilinx-eabi-gcc -Wall -O0 -g3 -c -fmessage-length=0 -I../../zynq_fsbl_bsp/ps7_cortexa9_0/include -MMD -MP -MF"src/pcap.d" -MT"src/pcap.d" -o "src/pcap.o" "../src/pcap.c"
Finished building: ../src/pcap.c
 
Building file: ../src/ps7_init.c
Invoking: ARM gcc compiler
arm-xilinx-eabi-gcc -Wall -O0 -g3 -c -fmessage-length=0 -I../../zynq_fsbl_bsp/ps7_cortexa9_0/include -MMD -MP -MF"src/ps7_init.d" -MT"src/ps7_init.d" -o "src/ps7_init.o" "../src/ps7_init.c"
Finished building: ../src/ps7_init.c
 
Building file: ../src/qspi.c
Invoking: ARM gcc compiler
arm-xilinx-eabi-gcc -Wall -O0 -g3 -c -fmessage-length=0 -I../../zynq_fsbl_bsp/ps7_cortexa9_0/include -MMD -MP -MF"src/qspi.d" -MT"src/qspi.d" -o "src/qspi.o" "../src/qspi.c"
Finished building: ../src/qspi.c
 
Building file: ../src/rsa.c
Invoking: ARM gcc compiler
arm-xilinx-eabi-gcc -Wall -O0 -g3 -c -fmessage-length=0 -I../../zynq_fsbl_bsp/ps7_cortexa9_0/include -MMD -MP -MF"src/rsa.d" -MT"src/rsa.d" -o "src/rsa.o" "../src/rsa.c"
Finished building: ../src/rsa.c
 
Building file: ../src/sd.c
Invoking: ARM gcc compiler
arm-xilinx-eabi-gcc -Wall -O0 -g3 -c -fmessage-length=0 -I../../zynq_fsbl_bsp/ps7_cortexa9_0/include -MMD -MP -MF"src/sd.d" -MT"src/sd.d" -o "src/sd.o" "../src/sd.c"
Finished building: ../src/sd.c
 
Building target: zynqfsbl.elf
Invoking: ARM gcc linker
arm-xilinx-eabi-gcc -L"/home/lin/Develop/Xilinx_Xps/openhw_pro/xps_proj/SDK/SDK_Export/zynqfsbl/src" -Wl,-T -Wl,../src/lscript.ld -L../../zynq_fsbl_bsp/ps7_cortexa9_0/lib -o "zynqfsbl.elf"  ./src/ddr_init.o ./src/ff.o ./src/fsbl_handoff.o ./src/fsbl_hooks.o ./src/image_mover.o ./src/main.o ./src/md5.o ./src/mmc.o ./src/nand.o ./src/nor.o ./src/pcap.o ./src/ps7_init.o ./src/qspi.o ./src/rsa.o ./src/sd.o   -lrsa -Wl,--start-group,-lxil,-lgcc,-lc,--end-group
Finished building target: zynqfsbl.elf
 
Invoking: ARM Print Size
arm-xilinx-eabi-size zynqfsbl.elf  |tee "zynqfsbl.elf.size"
   text	   data	    bss	    dec	    hex	filename
  69844	  11336	  72500	 153680	  25850	zynqfsbl.elf
Finished building: zynqfsbl.elf.size
 
08:34:11 **** Build of project petalinux_bsp_0 ****
make -k all 
Finished building libraries
08:34:14 **** Build of project zynq_fsbl_bsp ****
make -k all 
libgen -hw ../xps_proj_hw_platform/system.xml\
       -lp /home/lin/development/petalinux-v2013.10-final/components/edk_user_repository\
       -pe ps7_cortexa9_0 \
       -log libgen.log \
       system.mss
libgen
Xilinx EDK 14.7 Build EDK_P.20131013
Copyright (c) 1995-2012 Xilinx, Inc.  All rights reserved.

Command Line: libgen -hw ../xps_proj_hw_platform/system.xml -lp
/home/lin/development/petalinux-v2013.10-final/components/edk_user_repository
-pe ps7_cortexa9_0 -log libgen.log system.mss 


Staging source files.
Running DRCs.
Running generate.
Running post_generate.
Running include - 'gmake -s include "COMPILER=arm-xilinx-eabi-gcc"
"ARCHIVER=arm-xilinx-eabi-ar" "COMPILER_FLAGS= -O2 -c"
"EXTRA_COMPILER_FLAGS=-g"'.

Running libs - 'gmake -s libs "COMPILER=arm-xilinx-eabi-gcc"
"ARCHIVER=arm-xilinx-eabi-ar" "COMPILER_FLAGS= -O2 -c"
"EXTRA_COMPILER_FLAGS=-g"'.
Compiling common
arm-xilinx-eabi-ar: creating ../../../lib/libxil.a
Compiling standalone
Compiling axidma
Compiling gpio
Compiling iic
Compiling axivdma
Compiling devcfg
Compiling dmaps
Compiling emacps
Compiling gpiops
Compiling qspips
Compiling scugic
Compiling scutimer
Compiling scuwdt
Compiling ttcps
Compiling uartps
Compiling usbps
Compiling xadcps
Compiling cpu_cortexa9
Running execs_generate.
Finished building libraries
08:34:46 **** Build of configuration Debug for project zynq_fsbl ****
make all 
make: 对“all”无需做任何事。
08:34:47 **** Build of configuration Debug for project zynqfsbl ****
make all 
make: 对“all”无需做任何事。
08:34:52 **** Auto Build of configuration Debug for project zynq_fsbl ****
make all 
Building file: ../src/ps7_init.c
Invoking: ARM gcc compiler
arm-xilinx-eabi-gcc -Wall -O0 -g3 -c -fmessage-length=0 -I../../zynq_fsbl_bsp/ps7_cortexa9_0/include -MMD -MP -MF"src/ps7_init.d" -MT"src/ps7_init.d" -o "src/ps7_init.o" "../src/ps7_init.c"
Finished building: ../src/ps7_init.c
 
Building target: zynq_fsbl.elf
Invoking: ARM gcc linker
arm-xilinx-eabi-gcc -L"/home/lin/Develop/Xilinx_Xps/openhw_pro/xps_proj/SDK/SDK_Export/zynq_fsbl/src" -Wl,-T -Wl,../src/lscript.ld -L../../zynq_fsbl_bsp/ps7_cortexa9_0/lib -o "zynq_fsbl.elf"  ./src/ddr_init.o ./src/ff.o ./src/fsbl_handoff.o ./src/fsbl_hooks.o ./src/image_mover.o ./src/main.o ./src/md5.o ./src/mmc.o ./src/nand.o ./src/nor.o ./src/pcap.o ./src/ps7_init.o ./src/qspi.o ./src/rsa.o ./src/sd.o   -lrsa -Wl,--start-group,-lxil,-lgcc,-lc,--end-group
Finished building target: zynq_fsbl.elf
 
Invoking: ARM Print Size
arm-xilinx-eabi-size zynq_fsbl.elf  |tee "zynq_fsbl.elf.size"
   text	   data	    bss	    dec	    hex	filename
  69844	  11336	  72500	 153680	  25850	zynq_fsbl.elf
Finished building: zynq_fsbl.elf.size
 
08:34:54 **** Auto Build of configuration Debug for project zynq_fsbl ****
make all 
make: 对“all”无需做任何事。
08:35:39 **** Build of project zedfsbl_bsp ****
make -k all 
libgen -hw ../xps_proj_hw_platform/system.xml\
       -lp /home/lin/development/petalinux-v2013.10-final/components/edk_user_repository\
       -pe ps7_cortexa9_0 \
       -log libgen.log \
       system.mss
libgen
Xilinx EDK 14.7 Build EDK_P.20131013
Copyright (c) 1995-2012 Xilinx, Inc.  All rights reserved.

Command Line: libgen -hw ../xps_proj_hw_platform/system.xml -lp
/home/lin/development/petalinux-v2013.10-final/components/edk_user_repository
-pe ps7_cortexa9_0 -log libgen.log system.mss 

ERROR:EDK:410 - iicps -
   /home/lin/Develop/Xilinx_Xps/openhw_pro/xps_proj/SDK/SDK_Export/zedfsbl_bsp/s
   ystem.mss line 171 - No IP instance named ps7_i2c_0 is present in the
   hardware!
ERROR:EDK:410 - iicps -
   /home/lin/Develop/Xilinx_Xps/openhw_pro/xps_proj/SDK/SDK_Export/zedfsbl_bsp/s
   ystem.mss line 177 - No IP instance named ps7_i2c_1 is present in the
   hardware!
ERROR:EDK:1206 - Errors occured while parsing MSS file.
make: *** [ps7_cortexa9_0/lib/libxil.a] 错误 2
make: 由于错误目标“all”并未重新创建。
08:35:41 **** Build of configuration Debug for project zedfsbl ****
make all 
Building file: ../src/ddr_init.c
Invoking: ARM gcc compiler
arm-xilinx-eabi-gcc -Wall -O0 -g3 -c -fmessage-length=0 -I../../zedfsbl_bsp/ps7_cortexa9_0/include -MMD -MP -MF"src/ddr_init.d" -MT"src/ddr_init.d" -o "src/ddr_init.o" "../src/ddr_init.c"
../src/ddr_init.c:62:20: fatal error: xil_io.h: No such file or directory
compilation terminated.
make: *** [src/ddr_init.o] 错误 1
08:37:35 **** Incremental Build of configuration Debug for project zedfsbl ****
make all 
Building file: ../src/ddr_init.c
Invoking: ARM gcc compiler
arm-xilinx-eabi-gcc -Wall -O0 -g3 -c -fmessage-length=0 -I../../zedfsbl_bsp/ps7_cortexa9_0/include -MMD -MP -MF"src/ddr_init.d" -MT"src/ddr_init.d" -o "src/ddr_init.o" "../src/ddr_init.c"
../src/ddr_init.c:62:20: fatal error: xil_io.h: No such file or directory
compilation terminated.
make: *** [src/ddr_init.o] 错误 1
08:37:36 **** Incremental Build of configuration Debug for project zynq_fsbl ****
make all 
make: 对“all”无需做任何事。
08:37:37 **** Incremental Build of configuration Debug for project zynqfsbl ****
make all 
make: 对“all”无需做任何事。
09:20:34 **** Build of project petalinux_bsp_0 ****
make -k all 
libgen -hw ../xps_proj_hw_platform/system.xml\
       -lp /home/lin/development/petalinux-v2013.10-final/components/edk_user_repository\
       -pe ps7_cortexa9_1 \
       -log libgen.log \
       system.mss
libgen
Xilinx EDK 14.7 Build EDK_P.20131013
Copyright (c) 1995-2012 Xilinx, Inc.  All rights reserved.

Command Line: libgen -hw ../xps_proj_hw_platform/system.xml -lp
/home/lin/development/petalinux-v2013.10-final/components/edk_user_repository
-pe ps7_cortexa9_1 -log libgen.log system.mss 

ERROR:EDK:410 - iicps -
   /home/lin/Develop/Xilinx_Xps/openhw_pro/xps_proj/SDK/SDK_Export/petalinux_bsp
   _0/system.mss line 285 - No IP instance named ps7_i2c_0 is present in the
   hardware!
ERROR:EDK:410 - iicps -
   /home/lin/Develop/Xilinx_Xps/openhw_pro/xps_proj/SDK/SDK_Export/petalinux_bsp
   _0/system.mss line 291 - No IP instance named ps7_i2c_1 is present in the
   hardware!
make: *** [ps7_cortexa9_1/lib/libxil.a] 错误 2
ERROR:EDK:1206 - Errors occured while parsing MSS file.
make: 由于错误目标“all”并未重新创建。
09:20:38 **** Build of project zedfsbl_bsp ****
make -k all 
libgen -hw ../xps_proj_hw_platform/system.xml\
       -lp /home/lin/development/petalinux-v2013.10-final/components/edk_user_repository\
       -pe ps7_cortexa9_0 \
       -log libgen.log \
       system.mss
libgen
Xilinx EDK 14.7 Build EDK_P.20131013
Copyright (c) 1995-2012 Xilinx, Inc.  All rights reserved.

Command Line: libgen -hw ../xps_proj_hw_platform/system.xml -lp
/home/lin/development/petalinux-v2013.10-final/components/edk_user_repository
-pe ps7_cortexa9_0 -log libgen.log system.mss 

ERROR:EDK:410 - iicps -
   /home/lin/Develop/Xilinx_Xps/openhw_pro/xps_proj/SDK/SDK_Export/zedfsbl_bsp/s
   ystem.mss line 171 - No IP instance named ps7_i2c_0 is present in the
   hardware!
ERROR:EDK:410 - iicps -
   /home/lin/Develop/Xilinx_Xps/openhw_pro/xps_proj/SDK/SDK_Export/zedfsbl_bsp/s
   ystem.mss line 177 - No IP instance named ps7_i2c_1 is present in the
   hardware!
ERROR:EDK:1206 - Errors occured while parsing MSS file.
make: *** [ps7_cortexa9_0/lib/libxil.a] 错误 2
make: 由于错误目标“all”并未重新创建。
09:20:40 **** Build of configuration Debug for project zedfsbl ****
make all 
Building file: ../src/ddr_init.c
Invoking: ARM gcc compiler
arm-xilinx-eabi-gcc -Wall -O0 -g3 -c -fmessage-length=0 -I../../zedfsbl_bsp/ps7_cortexa9_0/include -MMD -MP -MF"src/ddr_init.d" -MT"src/ddr_init.d" -o "src/ddr_init.o" "../src/ddr_init.c"
../src/ddr_init.c:62:20: fatal error: xil_io.h: No such file or directory
compilation terminated.
make: *** [src/ddr_init.o] 错误 1
09:20:41 **** Build of project zynq_fsbl_bsp ****
make -k all 
Finished building libraries
09:20:41 **** Build of configuration Debug for project zynq_fsbl ****
make all 
make: 对“all”无需做任何事。
09:20:42 **** Build of configuration Debug for project zynqfsbl ****
make all 
make: 对“all”无需做任何事。
